Component: ARM Compiler 5.06 update 6 (build 750) Tool: armlink [4d35ed]

==============================================================================

Section Cross References

    retarget.o(i._ttywrch) refers to retarget.o(i.sendchar) for sendchar
    retarget.o(i.fgetc) refers to retarget.o(i.getkey) for getkey
    retarget.o(i.fgetc) refers to retarget.o(i.sendchar) for sendchar
    retarget.o(i.fputc) refers to retarget.o(i.sendchar) for sendchar
    retarget.o(i.getkey) refers to uart.o(i.UARTInit) for UARTInit
    retarget.o(i.getkey) refers to uart.o(i.UARTReceiveChar) for UARTReceiveChar
    retarget.o(i.getkey) refers to retarget.o(.data) for uart_init_called
    retarget.o(i.sendchar) refers to uart.o(i.UARTInit) for UARTInit
    retarget.o(i.sendchar) refers to uart.o(i.UARTSendChar) for UARTSendChar
    retarget.o(i.sendchar) refers to retarget.o(.data) for uart_init_called
    uart.o(i.FreeRcv) refers to uart.o(i.Free) for Free
    uart.o(i.FreeRcv) refers to uart.o(.data) for RcvLock0
    uart.o(i.FreeSnd) refers to uart.o(i.Free) for Free
    uart.o(i.FreeSnd) refers to uart.o(.data) for SndLock0
    uart.o(i.LockRcv) refers to uart.o(i.Lock) for Lock
    uart.o(i.LockRcv) refers to uart.o(.data) for RcvLock0
    uart.o(i.LockSnd) refers to uart.o(i.Lock) for Lock
    uart.o(i.LockSnd) refers to uart.o(.data) for SndLock0
    uart.o(i.UART0_IRQHandler) refers to uart.o(.bss) for UART0Buffer
    uart.o(i.UART0_IRQHandler) refers to uart.o(.data) for UART0Count
    uart.o(i.UART1_IRQHandler) refers to uart.o(.bss) for UART1Buffer
    uart.o(i.UART1_IRQHandler) refers to uart.o(.data) for UART1Count
    uart.o(i.UARTInit) refers to uart.o(i.getFrequency) for getFrequency
    uart.o(i.UARTInit) refers to uart.o(i.__NVIC_EnableIRQ) for __NVIC_EnableIRQ
    uart.o(i.UARTInit) refers to uart.o(i.FreeRcv) for FreeRcv
    uart.o(i.UARTInit) refers to uart.o(i.FreeSnd) for FreeSnd
    uart.o(i.UARTRecieve) refers to uart.o(i.LockRcv) for LockRcv
    uart.o(i.UARTRecieve) refers to uart.o(i.FreeRcv) for FreeRcv
    uart.o(i.UARTRecieve) refers to uart.o(.data) for UART0Count
    uart.o(i.UARTRecieve) refers to uart.o(.bss) for UART0Buffer
    uart.o(i.UARTSend) refers to uart.o(i.LockSnd) for LockSnd
    uart.o(i.UARTSend) refers to uart.o(i.FreeSnd) for FreeSnd
    uart.o(i.UARTSend) refers to uart.o(.data) for UART0TxEmpty
    uart.o(i.getFrequency) refers to system_lpc17xx.o(.data) for SystemCoreClock
    final.o(i.main) refers to rtx_kernel.o(.text.osKernelInitialize) for osKernelInitialize
    final.o(i.main) refers to rtx_thread.o(.text.osThreadNew) for osThreadNew
    final.o(i.main) refers to rtx_kernel.o(.text.osKernelStart) for osKernelStart
    final.o(i.main) refers to final.o(i.testCases) for testCases
    final.o(i.startGenerals) refers to rtx_thread.o(.text.osThreadNew) for osThreadNew
    final.o(i.startGenerals) refers to printf3.o(i.__0printf$3) for __2printf
    final.o(i.startGenerals) refers to final.o(.data) for nGeneral
    final.o(i.startGenerals) refers to general.o(i.general) for general
    final.o(i.startGenerals) refers to final.o(.bss) for generals
    final.o(i.stopGenerals) refers to rtx_thread.o(.text.osThreadTerminate) for osThreadTerminate
    final.o(i.stopGenerals) refers to final.o(.bss) for generals
    final.o(i.stopGenerals) refers to final.o(.data) for nGeneral
    final.o(i.testCases) refers to printf3.o(i.__0printf$3) for __2printf
    final.o(i.testCases) refers to general.o(i.setup) for setup
    final.o(i.testCases) refers to final.o(i.startGenerals) for startGenerals
    final.o(i.testCases) refers to general.o(i.broadcast) for broadcast
    final.o(i.testCases) refers to general.o(i.cleanup) for cleanup
    final.o(i.testCases) refers to final.o(i.stopGenerals) for stopGenerals
    final.o(i.testCases) refers to final.o(.data) for tests
    general.o(i.broadcast) refers to rtx_msgqueue.o(.text.osMessageQueuePut) for osMessageQueuePut
    general.o(i.broadcast) refers to printf3.o(i.__0printf$3) for __2printf
    general.o(i.broadcast) refers to rtx_semaphore.o(.text.osSemaphoreRelease) for osSemaphoreRelease
    general.o(i.broadcast) refers to rtx_semaphore.o(.text.osSemaphoreAcquire) for osSemaphoreAcquire
    general.o(i.broadcast) refers to general.o(.data) for m_commander
    general.o(i.broadcast) refers to general.o(.conststring) for .conststring
    general.o(i.cleanup) refers to malloc.o(i.free) for free
    general.o(i.cleanup) refers to rtx_msgqueue.o(.text.osMessageQueueDelete) for osMessageQueueDelete
    general.o(i.cleanup) refers to printf3.o(i.__0printf$3) for __2printf
    general.o(i.cleanup) refers to rtx_semaphore.o(.text.osSemaphoreDelete) for osSemaphoreDelete
    general.o(i.cleanup) refers to general.o(.data) for m_loyal
    general.o(i.general) refers to rtx_semaphore.o(.text.osSemaphoreAcquire) for osSemaphoreAcquire
    general.o(i.general) refers to printf3.o(i.__0printf$3) for __2printf
[...]
    Removing rtx_semaphore.o(.ARM.exidx.text.svcRtxSemaphoreRelease), (8 bytes).
    Removing rtx_semaphore.o(.ARM.exidx.text.svcRtxSemaphoreDelete), (8 bytes).
    Removing rtx_msgqueue.o(.text), (0 bytes).
    Removing rtx_msgqueue.o(.ARM.exidx.text.osMessageQueueNew), (8 bytes).
    Removing rtx_msgqueue.o(.text.osMessageQueueGetName), (36 bytes).
    Removing rtx_msgqueue.o(.ARM.exidx.text.osMessageQueueGetName), (8 bytes).
    Removing rtx_msgqueue.o(.ARM.exidx.text.osMessageQueuePut), (8 bytes).
    Removing rtx_msgqueue.o(.ARM.exidx.text.osMessageQueueGet), (8 bytes).
    Removing rtx_msgqueue.o(.text.osMessageQueueGetCapacity), (48 bytes).
    Removing rtx_msgqueue.o(.ARM.exidx.text.osMessageQueueGetCapacity), (8 bytes).
    Removing rtx_msgqueue.o(.text.svcRtxMessageQueueGetCapacity), (16 bytes).
    Removing rtx_msgqueue.o(.ARM.exidx.text.svcRtxMessageQueueGetCapacity), (8 bytes).
    Removing rtx_msgqueue.o(.text.osMessageQueueGetMsgSize), (48 bytes).
    Removing rtx_msgqueue.o(.ARM.exidx.text.osMessageQueueGetMsgSize), (8 bytes).
    Removing rtx_msgqueue.o(.text.svcRtxMessageQueueGetMsgSize), (16 bytes).
    Removing rtx_msgqueue.o(.ARM.exidx.text.svcRtxMessageQueueGetMsgSize), (8 bytes).
    Removing rtx_msgqueue.o(.text.osMessageQueueGetCount), (48 bytes).
    Removing rtx_msgqueue.o(.ARM.exidx.text.osMessageQueueGetCount), (8 bytes).
    Removing rtx_msgqueue.o(.text.svcRtxMessageQueueGetCount), (16 bytes).
    Removing rtx_msgqueue.o(.ARM.exidx.text.svcRtxMessageQueueGetCount), (8 bytes).
    Removing rtx_msgqueue.o(.text.osMessageQueueGetSpace), (36 bytes).
    Removing rtx_msgqueue.o(.ARM.exidx.text.osMessageQueueGetSpace), (8 bytes).
    Removing rtx_msgqueue.o(.text.svcRtxMessageQueueGetSpace), (20 bytes).
    Removing rtx_msgqueue.o(.ARM.exidx.text.svcRtxMessageQueueGetSpace), (8 bytes).
    Removing rtx_msgqueue.o(.text.osMessageQueueReset), (36 bytes).
    Removing rtx_msgqueue.o(.ARM.exidx.text.osMessageQueueReset), (8 bytes).
    Removing rtx_msgqueue.o(.ARM.exidx.text.osMessageQueueDelete), (8 bytes).
    Removing rtx_msgqueue.o(.ARM.exidx.text.svcRtxMessageQueueNew), (8 bytes).
    Removing rtx_msgqueue.o(.ARM.exidx.text.osRtxMessageQueuePostProcess), (8 bytes).
    Removing rtx_msgqueue.o(.ARM.exidx.text.MessageQueueRemove), (8 bytes).
    Removing rtx_msgqueue.o(.ARM.exidx.text.MessageQueuePut), (8 bytes).
    Removing rtx_msgqueue.o(.text.svcRtxMessageQueueGetName), (16 bytes).
    Removing rtx_msgqueue.o(.ARM.exidx.text.svcRtxMessageQueueGetName), (8 bytes).
    Removing rtx_msgqueue.o(.ARM.exidx.text.svcRtxMessageQueuePut), (8 bytes).
    Removing rtx_msgqueue.o(.ARM.exidx.text.MessageQueueGet), (8 bytes).
    Removing rtx_msgqueue.o(.ARM.exidx.text.svcRtxMessageQueueGet), (8 bytes).
    Removing rtx_msgqueue.o(.text.svcRtxMessageQueueReset), (168 bytes).
    Removing rtx_msgqueue.o(.ARM.exidx.text.svcRtxMessageQueueReset), (8 bytes).
    Removing rtx_msgqueue.o(.ARM.exidx.text.svcRtxMessageQueueDelete), (8 bytes).
    Removing irq_cm3.o(.constdata), (1 bytes).
    Removing rtx_timer.o(.text), (0 bytes).
    Removing rtx_timer.o(.ARM.exidx.text.osRtxTimerThread), (8 bytes).
    Removing rtx_timer.o(.ARM.exidx.text.osRtxTimerTick), (8 bytes).
    Removing rtx_timer.o(.text.osTimerNew), (36 bytes).
    Removing rtx_timer.o(.ARM.exidx.text.osTimerNew), (8 bytes).
    Removing rtx_timer.o(.text.osTimerGetName), (36 bytes).
    Removing rtx_timer.o(.ARM.exidx.text.osTimerGetName), (8 bytes).
    Removing rtx_timer.o(.text.osTimerStart), (36 bytes).
    Removing rtx_timer.o(.ARM.exidx.text.osTimerStart), (8 bytes).
    Removing rtx_timer.o(.text.osTimerStop), (36 bytes).
    Removing rtx_timer.o(.ARM.exidx.text.osTimerStop), (8 bytes).
    Removing rtx_timer.o(.text.osTimerIsRunning), (36 bytes).
    Removing rtx_timer.o(.ARM.exidx.text.osTimerIsRunning), (8 bytes).
    Removing rtx_timer.o(.text.osTimerDelete), (36 bytes).
    Removing rtx_timer.o(.ARM.exidx.text.osTimerDelete), (8 bytes).
    Removing rtx_timer.o(.ARM.exidx.text.TimerInsert), (8 bytes).
    Removing rtx_timer.o(.text.svcRtxTimerNew), (120 bytes).
    Removing rtx_timer.o(.ARM.exidx.text.svcRtxTimerNew), (8 bytes).
    Removing rtx_timer.o(.text.svcRtxTimerGetName), (16 bytes).
    Removing rtx_timer.o(.ARM.exidx.text.svcRtxTimerGetName), (8 bytes).
    Removing rtx_timer.o(.text.svcRtxTimerStart), (76 bytes).
    Removing rtx_timer.o(.ARM.exidx.text.svcRtxTimerStart), (8 bytes).
    Removing rtx_timer.o(.text.TimerRemove), (40 bytes).
    Removing rtx_timer.o(.ARM.exidx.text.TimerRemove), (8 bytes).
    Removing rtx_timer.o(.text.svcRtxTimerStop), (40 bytes).
    Removing rtx_timer.o(.ARM.exidx.text.svcRtxTimerStop), (8 bytes).
    Removing rtx_timer.o(.text.svcRtxTimerIsRunning), (24 bytes).
    Removing rtx_timer.o(.ARM.exidx.text.svcRtxTimerIsRunning), (8 bytes).
    Removing rtx_timer.o(.text.svcRtxTimerDelete), (76 bytes).
    Removing rtx_timer.o(.ARM.exidx.text.svcRtxTimerDelete), (8 bytes).
    Removing rtx_mutex.o(.text), (0 bytes).
    Removing rtx_mutex.o(.ARM.exidx.text.osRtxMutexOwnerRelease), (8 bytes).
    Removing rtx_mutex.o(.ARM.exidx.text.osRtxMutexOwnerRestore), (8 bytes).
    Removing rtx_mutex.o(.text.osMutexNew), (36 bytes).
    Removing rtx_mutex.o(.ARM.exidx.text.osMutexNew), (8 bytes).
    Removing rtx_mutex.o(.text.osMutexGetName), (36 bytes).
    Removing rtx_mutex.o(.ARM.exidx.text.osMutexGetName), (8 bytes).
    Removing rtx_mutex.o(.text.osMutexAcquire), (36 bytes).
    Removing rtx_mutex.o(.ARM.exidx.text.osMutexAcquire), (8 bytes).
    Removing rtx_mutex.o(.text.osMutexRelease), (36 bytes).
    Removing rtx_mutex.o(.ARM.exidx.text.osMutexRelease), (8 bytes).
    Removing rtx_mutex.o(.text.osMutexGetOwner), (36 bytes).
    Removing rtx_mutex.o(.ARM.exidx.text.osMutexGetOwner), (8 bytes).
    Removing rtx_mutex.o(.text.osMutexDelete), (36 bytes).
    Removing rtx_mutex.o(.ARM.exidx.text.osMutexDelete), (8 bytes).
    Removing rtx_mutex.o(.text.svcRtxMutexNew), (104 bytes).
    Removing rtx_mutex.o(.ARM.exidx.text.svcRtxMutexNew), (8 bytes).
    Removing rtx_mutex.o(.text.svcRtxMutexGetName), (16 bytes).
    Removing rtx_mutex.o(.ARM.exidx.text.svcRtxMutexGetName), (8 bytes).
    Removing rtx_mutex.o(.text.svcRtxMutexAcquire), (148 bytes).
    Removing rtx_mutex.o(.ARM.exidx.text.svcRtxMutexAcquire), (8 bytes).
    Removing rtx_mutex.o(.text.svcRtxMutexRelease), (180 bytes).
    Removing rtx_mutex.o(.ARM.exidx.text.svcRtxMutexRelease), (8 bytes).
    Removing rtx_mutex.o(.text.svcRtxMutexGetOwner), (20 bytes).
    Removing rtx_mutex.o(.ARM.exidx.text.svcRtxMutexGetOwner), (8 bytes).
    Removing rtx_mutex.o(.text.svcRtxMutexDelete), (176 bytes).
    Removing rtx_mutex.o(.ARM.exidx.text.svcRtxMutexDelete), (8 bytes).
    Removing rtx_memory.o(.text), (0 bytes).
    Removing rtx_memory.o(.ARM.exidx.text.osRtxMemoryInit), (8 bytes).
    Removing rtx_memory.o(.ARM.exidx.text.osRtxMemoryAlloc), (8 bytes).
    Removing rtx_memory.o(.ARM.exidx.text.osRtxMemoryFree), (8 bytes).
    Removing rtx_mempool.o(.text), (0 bytes).
    Removing rtx_mempool.o(.ARM.exidx.text.osRtxMemoryPoolInit), (8 bytes).
    Removing rtx_mempool.o(.ARM.exidx.text.osRtxMemoryPoolAlloc), (8 bytes).
    Removing rtx_mempool.o(.ARM.exidx.text.osRtxMemoryPoolFree), (8 bytes).
    Removing rtx_mempool.o(.text.osMemoryPoolNew), (36 bytes).
    Removing rtx_mempool.o(.ARM.exidx.text.osMemoryPoolNew), (8 bytes).
    Removing rtx_mempool.o(.text.osMemoryPoolGetName), (36 bytes).
    Removing rtx_mempool.o(.ARM.exidx.text.osMemoryPoolGetName), (8 bytes).
    Removing rtx_mempool.o(.text.osMemoryPoolAlloc), (104 bytes).
    Removing rtx_mempool.o(.ARM.exidx.text.osMemoryPoolAlloc), (8 bytes).
    Removing rtx_mempool.o(.text.osMemoryPoolFree), (72 bytes).
    Removing rtx_mempool.o(.ARM.exidx.text.osMemoryPoolFree), (8 bytes).
    Removing rtx_mempool.o(.text.osMemoryPoolGetCapacity), (48 bytes).
    Removing rtx_mempool.o(.ARM.exidx.text.osMemoryPoolGetCapacity), (8 bytes).
    Removing rtx_mempool.o(.text.svcRtxMemoryPoolGetCapacity), (16 bytes).
    Removing rtx_mempool.o(.ARM.exidx.text.svcRtxMemoryPoolGetCapacity), (8 bytes).
    Removing rtx_mempool.o(.text.osMemoryPoolGetBlockSize), (48 bytes).
    Removing rtx_mempool.o(.ARM.exidx.text.osMemoryPoolGetBlockSize), (8 bytes).
    Removing rtx_mempool.o(.text.svcRtxMemoryPoolGetBlockSize), (16 bytes).
    Removing rtx_mempool.o(.ARM.exidx.text.svcRtxMemoryPoolGetBlockSize), (8 bytes).
    Removing rtx_mempool.o(.text.osMemoryPoolGetCount), (48 bytes).
    Removing rtx_mempool.o(.ARM.exidx.text.osMemoryPoolGetCount), (8 bytes).
    Removing rtx_mempool.o(.text.svcRtxMemoryPoolGetCount), (16 bytes).
    Removing rtx_mempool.o(.ARM.exidx.text.svcRtxMemoryPoolGetCount), (8 bytes).
    Removing rtx_mempool.o(.text.osMemoryPoolGetSpace), (36 bytes).
    Removing rtx_mempool.o(.ARM.exidx.text.osMemoryPoolGetSpace), (8 bytes).
    Removing rtx_mempool.o(.text.svcRtxMemoryPoolGetSpace), (20 bytes).
    Removing rtx_mempool.o(.ARM.exidx.text.svcRtxMemoryPoolGetSpace), (8 bytes).
    Removing rtx_mempool.o(.text.osMemoryPoolDelete), (36 bytes).
    Removing rtx_mempool.o(.ARM.exidx.text.osMemoryPoolDelete), (8 bytes).
    Removing rtx_mempool.o(.text.svcRtxMemoryPoolNew), (328 bytes).
    Removing rtx_mempool.o(.ARM.exidx.text.svcRtxMemoryPoolNew), (8 bytes).
    Removing rtx_mempool.o(.text.osRtxMemoryPoolPostProcess), (72 bytes).
    Removing rtx_mempool.o(.ARM.exidx.text.osRtxMemoryPoolPostProcess), (8 bytes).
    Removing rtx_mempool.o(.text.svcRtxMemoryPoolGetName), (16 bytes).
    Removing rtx_mempool.o(.ARM.exidx.text.svcRtxMemoryPoolGetName), (8 bytes).
    Removing rtx_mempool.o(.text.svcRtxMemoryPoolAlloc), (92 bytes).
    Removing rtx_mempool.o(.ARM.exidx.text.svcRtxMemoryPoolAlloc), (8 bytes).
    Removing rtx_mempool.o(.text.svcRtxMemoryPoolFree), (100 bytes).
    Removing rtx_mempool.o(.ARM.exidx.text.svcRtxMemoryPoolFree), (8 bytes).
    Removing rtx_mempool.o(.text.svcRtxMemoryPoolDelete), (108 bytes).
    Removing rtx_mempool.o(.ARM.exidx.text.svcRtxMemoryPoolDelete), (8 bytes).
    Removing rtx_system.o(.text), (0 bytes).
    Removing rtx_system.o(.ARM.exidx.text.osRtxTick_Handler), (8 bytes).
    Removing rtx_system.o(.ARM.exidx.text.osRtxPendSV_Handler), (8 bytes).
    Removing rtx_system.o(.ARM.exidx.text.osRtxPostProcess), (8 bytes).
    Removing os_systick.o(.text), (0 bytes).
    Removing os_systick.o(.ARM.exidx.text.OS_Tick_Setup), (8 bytes).
    Removing os_systick.o(.ARM.exidx.text.OS_Tick_Enable), (8 bytes).
    Removing os_systick.o(.text.OS_Tick_Disable), (44 bytes).
    Removing os_systick.o(.ARM.exidx.text.OS_Tick_Disable), (8 bytes).
    Removing os_systick.o(.ARM.exidx.text.OS_Tick_AcknowledgeIRQ), (8 bytes).
    Removing os_systick.o(.ARM.exidx.text.OS_Tick_GetIRQn), (8 bytes).
    Removing os_systick.o(.text.OS_Tick_GetClock), (12 bytes).
    Removing os_systick.o(.ARM.exidx.text.OS_Tick_GetClock), (8 bytes).
    Removing os_systick.o(.text.OS_Tick_GetInterval), (12 bytes).
    Removing os_systick.o(.ARM.exidx.text.OS_Tick_GetInterval), (8 bytes).
    Removing os_systick.o(.text.OS_Tick_GetCount), (16 bytes).
    Removing os_systick.o(.ARM.exidx.text.OS_Tick_GetCount), (8 bytes).
    Removing os_systick.o(.text.OS_Tick_GetOverflow), (16 bytes).
    Removing os_systick.o(.ARM.exidx.text.OS_Tick_GetOverflow), (8 bytes).
    Removing dadd.o(.text), (334 bytes).
    Removing dmul.o(.text), (228 bytes).
    Removing ddiv.o(.text), (222 bytes).
    Removing dfixul.o(.text), (48 bytes).
    Removing cdrcmple.o(.text), (48 bytes).
    Removing depilogue.o(.text), (186 bytes).

361 unused section(s) (total 9689 bytes) removed from the image.

==============================================================================

Image Symbol Table

    Local Symbols

    Symbol Name                              Value     Ov Type        Size  Object(Section)

    RESET                                    0x00000000   Section      204  startup_lpc17xx.o(RESET)
    ../clib/../cmprslib/zerorunl2.c          0x00000000   Number         0  __dczerorl2.o ABSOLUTE
    ../clib/microlib/division.c              0x00000000   Number         0  uidiv.o ABSOLUTE
    ../clib/microlib/division.c              0x00000000   Number         0  uldiv.o ABSOLUTE
    ../clib/microlib/init/entry.s            0x00000000   Number         0  entry11b.o ABSOLUTE
    ../clib/microlib/init/entry.s            0x00000000   Number         0  entry11a.o ABSOLUTE
    ../clib/microlib/init/entry.s            0x00000000   Number         0  entry10b.o ABSOLUTE
    ../clib/microlib/init/entry.s            0x00000000   Number         0  entry10a.o ABSOLUTE
    ../clib/microlib/init/entry.s            0x00000000   Number         0  entry9b.o ABSOLUTE
    ../clib/microlib/init/entry.s            0x00000000   Number         0  entry9a.o ABSOLUTE
    ../clib/microlib/init/entry.s            0x00000000   Number         0  entry8b.o ABSOLUTE
    ../clib/microlib/init/entry.s            0x00000000   Number         0  entry8a.o ABSOLUTE
    ../clib/microlib/init/entry.s            0x00000000   Number         0  entry7b.o ABSOLUTE
    ../clib/microlib/init/entry.s            0x00000000   Number         0  entry7a.o ABSOLUTE
    ../clib/microlib/init/entry.s            0x00000000   Number         0  entry5.o ABSOLUTE
    ../clib/microlib/init/entry.s            0x00000000   Number         0  entry.o ABSOLUTE
    ../clib/microlib/init/entry.s            0x00000000   Number         0  entry2.o ABSOLUTE
    ../clib/microlib/longlong.c              0x00000000   Number         0  llsshr.o ABSOLUTE
    ../clib/microlib/longlong.c              0x00000000   Number         0  llushr.o ABSOLUTE
    ../clib/microlib/longlong.c              0x00000000   Number         0  llshl.o ABSOLUTE
    ../clib/microlib/malloc/malloc.c         0x00000000   Number         0  mallocra.o ABSOLUTE
    ../clib/microlib/malloc/malloc.c         0x00000000   Number         0  malloca.o ABSOLUTE
    ../clib/microlib/malloc/malloc.c         0x00000000   Number         0  mallocr.o ABSOLUTE
    ../clib/microlib/malloc/malloc.c         0x00000000   Number         0  malloc.o ABSOLUTE
    ../clib/microlib/malloc/mvars.c          0x00000000   Number         0  mvars.o ABSOLUTE
    ../clib/microlib/printf/printf.c         0x00000000   Number         0  printf3.o ABSOLUTE
    ../clib/microlib/printf/printf.c         0x00000000   Number         0  printfb.o ABSOLUTE
    ../clib/microlib/printf/printf.c         0x00000000   Number         0  printf2.o ABSOLUTE
    ../clib/microlib/printf/printf.c         0x00000000   Number         0  printfa.o ABSOLUTE
    ../clib/microlib/printf/printf.c         0x00000000   Number         0  printf8.o ABSOLUTE
    ../clib/microlib/printf/printf.c         0x00000000   Number         0  printf7.o ABSOLUTE
    ../clib/microlib/printf/printf.c         0x00000000   Number         0  printf1.o ABSOLUTE
    ../clib/microlib/printf/printf.c         0x00000000   Number         0  printf0.o ABSOLUTE
    ../clib/microlib/printf/printf.c         0x00000000   Number         0  printf6.o ABSOLUTE
    ../clib/microlib/printf/printf.c         0x00000000   Number         0  printf5.o ABSOLUTE
    ../clib/microlib/printf/printf.c         0x00000000   Number         0  printf4.o ABSOLUTE
    ../clib/microlib/printf/stubs.s          0x00000000   Number         0  stubs.o ABSOLUTE
    ../clib/microlib/string/memcpy.c         0x00000000   Number         0  memcpyb.o ABSOLUTE
    ../clib/microlib/string/memcpy.c         0x00000000   Number         0  memcpya.o ABSOLUTE
    ../clib/microlib/string/memset.c         0x00000000   Number         0  memseta.o ABSOLUTE
    ../clib/microlib/stubs.s                 0x00000000   Number         0  iusefp.o ABSOLUTE
    ../fplib/microlib/fpadd.c                0x00000000   Number         0  dadd.o ABSOLUTE
    ../fplib/microlib/fpdiv.c                0x00000000   Number         0  ddiv.o ABSOLUTE
    ../fplib/microlib/fpepilogue.c           0x00000000   Number         0  depilogue.o ABSOLUTE
    ../fplib/microlib/fpfix.c                0x00000000   Number         0  dfixul.o ABSOLUTE
    ../fplib/microlib/fpmul.c                0x00000000   Number         0  dmul.o ABSOLUTE
    ..\..\..\Source\ARM\irq_cm3.s            0x00000000   Number         0  irq_cm3.o ABSOLUTE
    C:\Users\yreda\AppData\Local\Arm\Packs\ARM\CMSIS\5.7.0\CMSIS\RTOS2\RTX\Source\rtx_lib.c 0x00000000   Number         0  rtx_lib.o ABSOLUTE
    C:\\Users\\yreda\\AppData\\Local\\Arm\\Packs\\ARM\\CMSIS\\5.7.0\\CMSIS\\RTOS2\\RTX\\Source\\rtx_lib.c 0x00000000   Number         0  rtx_lib.o ABSOLUTE
    RTE\CMSIS\RTX_Config.c                   0x00000000   Number         0  rtx_config.o ABSOLUTE
    RTE\Device\LPC1768\startup_LPC17xx.s     0x00000000   Number         0  startup_lpc17xx.o ABSOLUTE
    RTE\Device\LPC1768\system_LPC17xx.c      0x00000000   Number         0  system_lpc17xx.o ABSOLUTE
    RTE\\CMSIS\\RTX_Config.c                 0x00000000   Number         0  rtx_config.o ABSOLUTE
    RTE\\Device\\LPC1768\\system_LPC17xx.c   0x00000000   Number         0  system_lpc17xx.o ABSOLUTE
    cdrcmple.s                               0x00000000   Number         0  cdrcmple.o ABSOLUTE
    dc.s                                     0x00000000   Number         0  dc.o ABSOLUTE
    final.c                                  0x00000000   Number         0  final.o ABSOLUTE
    general.c                                0x00000000   Number         0  general.o ABSOLUTE
    handlers.s                               0x00000000   Number         0  handlers.o ABSOLUTE
    init.s                                   0x00000000   Number         0  init.o ABSOLUTE
    os_systick.c                             0x00000000   Number         0  os_systick.o ABSOLUTE
    rtx_kernel.c                             0x00000000   Number         0  rtx_kernel.o ABSOLUTE
    rtx_memory.c                             0x00000000   Number         0  rtx_memory.o ABSOLUTE
    rtx_mempool.c                            0x00000000   Number         0  rtx_mempool.o ABSOLUTE
    rtx_msgqueue.c                           0x00000000   Number         0  rtx_msgqueue.o ABSOLUTE
    rtx_mutex.c                              0x00000000   Number         0  rtx_mutex.o ABSOLUTE
    rtx_semaphore.c                          0x00000000   Number         0  rtx_semaphore.o ABSOLUTE
    rtx_system.c                             0x00000000   Number         0  rtx_system.o ABSOLUTE
    rtx_thread.c                             0x00000000   Number         0  rtx_thread.o ABSOLUTE
    rtx_timer.c                              0x00000000   Number         0  rtx_timer.o ABSOLUTE
    util\Retarget.c                          0x00000000   Number         0  retarget.o ABSOLUTE
    util\\uart.c                             0x00000000   Number         0  uart.o ABSOLUTE
    util\uart.c                              0x00000000   Number         0  uart.o ABSOLUTE
    .ARM.Collect$$$$00000000                 0x000000cc   Section        0  entry.o(.ARM.Collect$$$$00000000)
    .ARM.Collect$$$$00000001                 0x000000cc   Section        4  entry2.o(.ARM.Collect$$$$00000001)
    .ARM.Collect$$$$00000004                 0x000000d0   Section        4  entry5.o(.ARM.Collect$$$$00000004)
    .ARM.Collect$$$$00000008                 0x000000d4   Section        0  entry7b.o(.ARM.Collect$$$$00000008)
    .ARM.Collect$$$$0000000A                 0x000000d4   Section        0  entry8b.o(.ARM.Collect$$$$0000000A)
    .ARM.Collect$$$$0000000B                 0x000000d4   Section        8  entry9a.o(.ARM.Collect$$$$0000000B)
    .ARM.Collect$$$$0000000D                 0x000000dc   Section        0  entry10a.o(.ARM.Collect$$$$0000000D)
    .ARM.Collect$$$$0000000F                 0x000000dc   Section        0  entry11a.o(.ARM.Collect$$$$0000000F)
    .ARM.Collect$$$$00002712                 0x000000dc   Section        4  entry2.o(.ARM.Collect$$$$00002712)
    __lit__00000000                          0x000000dc   Data           4  entry2.o(.ARM.Collect$$$$00002712)
    .text                                    0x000000e0   Section       36  startup_lpc17xx.o(.text)
    .text                                    0x00000104   Section      148  irq_cm3.o(.text)
    .text                                    0x00000198   Section        0  memcpya.o(.text)
    .text                                    0x000001bc   Section        0  memseta.o(.text)
    .text                                    0x000001e0   Section        0  uidiv.o(.text)
    .text                                    0x0000020c   Section       36  init.o(.text)
    .text                                    0x00000230   Section        0  __dczerorl2.o(.text)
    [Anonymous Symbol]                       0x00000286   Section        0  rtx_msgqueue.o(.text.MessageQueueGet)
    MessageQueueGet                          0x00000287   Thumb Code    64  rtx_msgqueue.o(.text.MessageQueueGet)
    [Anonymous Symbol]                       0x000002c6   Section        0  rtx_msgqueue.o(.text.MessageQueueRemove)
    MessageQueueRemove                       0x000002c7   Thumb Code    28  rtx_msgqueue.o(.text.MessageQueueRemove)
    [Anonymous Symbol]                       0x000002e4   Section        0  os_systick.o(.text.OS_Tick_AcknowledgeIRQ)
    __arm_cp.3_0                             0x000002ec   Number         4  os_systick.o(.text.OS_Tick_AcknowledgeIRQ)
    [Anonymous Symbol]                       0x000002f0   Section        0  os_systick.o(.text.OS_Tick_GetIRQn)
    [Anonymous Symbol]                       0x000002f6   Section        0  rtx_kernel.o(.text.osRtxKernelPreInit)
    i.__scatterload_null                     0x000002f8   Section        2  handlers.o(i.__scatterload_null)
    .ARM.__at_0x02FC                         0x000002fc   Section        4  startup_lpc17xx.o(.ARM.__at_0x02FC)
    [Anonymous Symbol]                       0x00000300   Section        0  rtx_msgqueue.o(.text.MessageQueuePut)
    MessageQueuePut                          0x00000301   Thumb Code    88  rtx_msgqueue.o(.text.MessageQueuePut)
    [Anonymous Symbol]                       0x00000358   Section        0  os_systick.o(.text.OS_Tick_Enable)
    __arm_cp.1_0                             0x00000378   Number         4  os_systick.o(.text.OS_Tick_Enable)
    __arm_cp.1_1                             0x0000037c   Number         4  os_systick.o(.text.OS_Tick_Enable)
    __arm_cp.1_2                             0x00000380   Number         4  os_systick.o(.text.OS_Tick_Enable)
    [Anonymous Symbol]                       0x00000384   Section        0  os_systick.o(.text.OS_Tick_Setup)
    __arm_cp.0_0                             0x000003b4   Number         4  os_systick.o(.text.OS_Tick_Setup)
    __arm_cp.0_1                             0x000003b8   Number         4  os_systick.o(.text.OS_Tick_Setup)
    __arm_cp.0_2                             0x000003bc   Number         4  os_systick.o(.text.OS_Tick_Setup)
    __arm_cp.0_3                             0x000003c0   Number         4  os_systick.o(.text.OS_Tick_Setup)
    [Anonymous Symbol]                       0x000003c4   Section        0  rtx_semaphore.o(.text.SemaphoreTokenIncrement)
    SemaphoreTokenIncrement                  0x000003c5   Thumb Code    46  rtx_semaphore.o(.text.SemaphoreTokenIncrement)
    [Anonymous Symbol]                       0x000003f2   Section        0  rtx_thread.o(.text.ThreadFlagsCheck)
    ThreadFlagsCheck                         0x000003f3   Thumb Code   110  rtx_thread.o(.text.ThreadFlagsCheck)
    [Anonymous Symbol]                       0x00000460   Section        0  rtx_timer.o(.text.TimerInsert)
    TimerInsert                              0x00000461   Thumb Code    72  rtx_timer.o(.text.TimerInsert)
    __arm_cp.8_0                             0x000004a4   Number         4  rtx_timer.o(.text.TimerInsert)
    [Anonymous Symbol]                       0x000004a8   Section        0  rtx_kernel.o(.text.osKernelInitialize)
    __arm_cp.1_0                             0x000004d0   Number         4  rtx_kernel.o(.text.osKernelInitialize)
    [Anonymous Symbol]                       0x000004d4   Section        0  rtx_kernel.o(.text.osKernelStart)
    __arm_cp.6_0                             0x000004f4   Number         4  rtx_kernel.o(.text.osKernelStart)
    [Anonymous Symbol]                       0x000004f8   Section        0  rtx_msgqueue.o(.text.osMessageQueueDelete)
    __arm_cp.13_0                            0x00000518   Number         4  rtx_msgqueue.o(.text.osMessageQueueDelete)
    [Anonymous Symbol]                       0x0000051c   Section        0  rtx_msgqueue.o(.text.osMessageQueueGet)
    __arm_cp.3_0                             0x00000584   Number         4  rtx_msgqueue.o(.text.osMessageQueueGet)
    [Anonymous Symbol]                       0x00000588   Section        0  rtx_msgqueue.o(.text.osMessageQueueNew)
    __arm_cp.0_0                             0x000005a8   Number         4  rtx_msgqueue.o(.text.osMessageQueueNew)
    [Anonymous Symbol]                       0x000005ac   Section        0  rtx_msgqueue.o(.text.osMessageQueuePut)
    __arm_cp.2_0                             0x00000620   Number         4  rtx_msgqueue.o(.text.osMessageQueuePut)
    [Anonymous Symbol]                       0x00000624   Section        0  rtx_memory.o(.text.osRtxMemoryAlloc)
    [Anonymous Symbol]                       0x00000694   Section        0  rtx_memory.o(.text.osRtxMemoryFree)
    [Anonymous Symbol]                       0x000006da   Section        0  rtx_memory.o(.text.osRtxMemoryInit)
    [Anonymous Symbol]                       0x00000716   Section        0  rtx_mempool.o(.text.osRtxMemoryPoolAlloc)
    [Anonymous Symbol]                       0x00000750   Section        0  rtx_mempool.o(.text.osRtxMemoryPoolFree)
    [Anonymous Symbol]                       0x0000079a   Section        0  rtx_mempool.o(.text.osRtxMemoryPoolInit)
    [Anonymous Symbol]                       0x000007d0   Section        0  rtx_msgqueue.o(.text.osRtxMessageQueuePostProcess)
    osRtxMessageQueuePostProcess             0x000007d1   Thumb Code   186  rtx_msgqueue.o(.text.osRtxMessageQueuePostProcess)
    [Anonymous Symbol]                       0x0000088a   Section        0  rtx_mutex.o(.text.osRtxMutexOwnerRelease)
    [Anonymous Symbol]                       0x000008d2   Section        0  rtx_mutex.o(.text.osRtxMutexOwnerRestore)
    [Anonymous Symbol]                       0x00000914   Section        0  rtx_system.o(.text.osRtxPendSV_Handler)
    __arm_cp.1_0                             0x0000099c   Number         4  rtx_system.o(.text.osRtxPendSV_Handler)
    [Anonymous Symbol]                       0x000009a0   Section        0  rtx_system.o(.text.osRtxPostProcess)
    __arm_cp.2_0                             0x00000a0c   Number         4  rtx_system.o(.text.osRtxPostProcess)
    __arm_cp.2_1                             0x00000a10   Number         4  rtx_system.o(.text.osRtxPostProcess)
    [Anonymous Symbol]                       0x00000a14   Section        0  rtx_semaphore.o(.text.osRtxSemaphorePostProcess)
    osRtxSemaphorePostProcess                0x00000a15   Thumb Code    54  rtx_semaphore.o(.text.osRtxSemaphorePostProcess)
    [Anonymous Symbol]                       0x00000a4c   Section        0  rtx_thread.o(.text.osRtxThreadBlock)
    osRtxThreadBlock                         0x00000a4d   Thumb Code    56  rtx_thread.o(.text.osRtxThreadBlock)
    __arm_cp.11_0                            0x00000a80   Number         4  rtx_thread.o(.text.osRtxThreadBlock)
    [Anonymous Symbol]                       0x00000a84   Section        0  rtx_thread.o(.text.osRtxThreadDelayInsert)
    osRtxThreadDelayInsert                   0x00000a85   Thumb Code   116  rtx_thread.o(.text.osRtxThreadDelayInsert)
    __arm_cp.15_0                            0x00000af4   Number         4  rtx_thread.o(.text.osRtxThreadDelayInsert)
    [Anonymous Symbol]                       0x00000af8   Section        0  rtx_thread.o(.text.osRtxThreadDelayRemove)
    osRtxThreadDelayRemove                   0x00000af9   Thumb Code    60  rtx_thread.o(.text.osRtxThreadDelayRemove)
    __arm_cp.13_0                            0x00000b30   Number         4  rtx_thread.o(.text.osRtxThreadDelayRemove)
    [Anonymous Symbol]                       0x00000b34   Section        0  rtx_thread.o(.text.osRtxThreadDelayTick)
    __arm_cp.5_0                             0x00000b7c   Number         4  rtx_thread.o(.text.osRtxThreadDelayTick)
    [Anonymous Symbol]                       0x00000b80   Section        0  rtx_thread.o(.text.osRtxThreadDispatch)
    __arm_cp.10_0                            0x00000bd4   Number         4  rtx_thread.o(.text.osRtxThreadDispatch)
    [Anonymous Symbol]                       0x00000bd8   Section        0  rtx_thread.o(.text.osRtxThreadFree)
    osRtxThreadFree                          0x00000bd9   Thumb Code    88  rtx_thread.o(.text.osRtxThreadFree)
    __arm_cp.53_0                            0x00000c2c   Number         4  rtx_thread.o(.text.osRtxThreadFree)
    [Anonymous Symbol]                       0x00000c30   Section        0  rtx_thread.o(.text.osRtxThreadListGet)
    [Anonymous Symbol]                       0x00000c42   Section        0  rtx_thread.o(.text.osRtxThreadListPut)
    [Anonymous Symbol]                       0x00000c6e   Section        0  rtx_thread.o(.text.osRtxThreadListRemove)
    [Anonymous Symbol]                       0x00000c82   Section        0  rtx_thread.o(.text.osRtxThreadListRoot)
    osRtxThreadListRoot                      0x00000c83   Thumb Code    12  rtx_thread.o(.text.osRtxThreadListRoot)
    [Anonymous Symbol]                       0x00000c8e   Section        0  rtx_thread.o(.text.osRtxThreadListSort)
    [Anonymous Symbol]                       0x00000cb4   Section        0  rtx_thread.o(.text.osRtxThreadPostProcess)
    osRtxThreadPostProcess                   0x00000cb5   Thumb Code    40  rtx_thread.o(.text.osRtxThreadPostProcess)
    [Anonymous Symbol]                       0x00000cdc   Section        0  rtx_thread.o(.text.osRtxThreadReadyPut)
    __arm_cp.4_0                             0x00000cec   Number         4  rtx_thread.o(.text.osRtxThreadReadyPut)
    [Anonymous Symbol]                       0x00000cf0   Section        0  rtx_thread.o(.text.osRtxThreadRegPtr)
    [Anonymous Symbol]                       0x00000cf8   Section        0  rtx_thread.o(.text.osRtxThreadStackCheck)
    __arm_cp.9_0                             0x00000d18   Number         4  rtx_thread.o(.text.osRtxThreadStackCheck)
    __arm_cp.9_1                             0x00000d1c   Number         4  rtx_thread.o(.text.osRtxThreadStackCheck)
    [Anonymous Symbol]                       0x00000d20   Section        0  rtx_thread.o(.text.osRtxThreadStartup)
    __arm_cp.16_0                            0x00000d50   Number         4  rtx_thread.o(.text.osRtxThreadStartup)
    __arm_cp.16_1                            0x00000d54   Number         4  rtx_thread.o(.text.osRtxThreadStartup)
    __arm_cp.16_2                            0x00000d58   Number         4  rtx_thread.o(.text.osRtxThreadStartup)
    __arm_cp.16_3                            0x00000d5c   Number         4  rtx_thread.o(.text.osRtxThreadStartup)
    [Anonymous Symbol]                       0x00000d60   Section        0  rtx_thread.o(.text.osRtxThreadSwitch)
    __arm_cp.8_0                             0x00000d6c   Number         4  rtx_thread.o(.text.osRtxThreadSwitch)
    [Anonymous Symbol]                       0x00000d70   Section        0  rtx_thread.o(.text.osRtxThreadWaitEnter)
    __arm_cp.14_0                            0x00000da4   Number         4  rtx_thread.o(.text.osRtxThreadWaitEnter)
    [Anonymous Symbol]                       0x00000da8   Section        0  rtx_thread.o(.text.osRtxThreadWaitExit)
    [Anonymous Symbol]                       0x00000dcc   Section        0  rtx_system.o(.text.osRtxTick_Handler)
    __arm_cp.0_0                             0x00000e38   Number         4  rtx_system.o(.text.osRtxTick_Handler)
    [Anonymous Symbol]                       0x00000e3c   Section        0  rtx_timer.o(.text.osRtxTimerThread)
    __arm_cp.0_0                             0x00000e6c   Number         4  rtx_timer.o(.text.osRtxTimerThread)
    __arm_cp.0_1                             0x00000e70   Number         4  rtx_timer.o(.text.osRtxTimerThread)
    __arm_cp.0_2                             0x00000e74   Number         4  rtx_timer.o(.text.osRtxTimerThread)
    [Anonymous Symbol]                       0x00000e78   Section        0  rtx_timer.o(.text.osRtxTimerTick)
    osRtxTimerTick                           0x00000e79   Thumb Code    84  rtx_timer.o(.text.osRtxTimerTick)
    __arm_cp.1_0                             0x00000ec8   Number         4  rtx_timer.o(.text.osRtxTimerTick)
    [Anonymous Symbol]                       0x00000ecc   Section        0  rtx_semaphore.o(.text.osSemaphoreAcquire)
    __arm_cp.2_0                             0x00000f1c   Number         4  rtx_semaphore.o(.text.osSemaphoreAcquire)
    [Anonymous Symbol]                       0x00000f20   Section        0  rtx_semaphore.o(.text.osSemaphoreDelete)
    __arm_cp.6_0                             0x00000f40   Number         4  rtx_semaphore.o(.text.osSemaphoreDelete)
    [Anonymous Symbol]                       0x00000f44   Section        0  rtx_semaphore.o(.text.osSemaphoreNew)
    __arm_cp.0_0                             0x00000f64   Number         4  rtx_semaphore.o(.text.osSemaphoreNew)
    [Anonymous Symbol]                       0x00000f68   Section        0  rtx_semaphore.o(.text.osSemaphoreRelease)
    __arm_cp.3_0                             0x00000fb0   Number         4  rtx_semaphore.o(.text.osSemaphoreRelease)
    [Anonymous Symbol]                       0x00000fb4   Section        0  rtx_thread.o(.text.osThreadExit)
    __arm_cp.32_0                            0x00000fbc   Number         4  rtx_thread.o(.text.osThreadExit)
    [Anonymous Symbol]                       0x00000fc0   Section        0  rtx_thread.o(.text.osThreadNew)
    __arm_cp.18_0                            0x00000fe0   Number         4  rtx_thread.o(.text.osThreadNew)
    [Anonymous Symbol]                       0x00000fe4   Section        0  rtx_thread.o(.text.osThreadTerminate)
    __arm_cp.33_0                            0x00001004   Number         4  rtx_thread.o(.text.osThreadTerminate)
    [Anonymous Symbol]                       0x00001008   Section        0  rtx_kernel.o(.text.svcRtxKernelInitialize)
    svcRtxKernelInitialize                   0x00001009   Thumb Code   336  rtx_kernel.o(.text.svcRtxKernelInitialize)
    __arm_cp.20_0                            0x0000114c   Number         4  rtx_kernel.o(.text.svcRtxKernelInitialize)
    __arm_cp.20_1                            0x00001150   Number         4  rtx_kernel.o(.text.svcRtxKernelInitialize)
    __arm_cp.20_2                            0x00001154   Number         4  rtx_kernel.o(.text.svcRtxKernelInitialize)
    [Anonymous Symbol]                       0x00001158   Section        0  rtx_kernel.o(.text.svcRtxKernelStart)
    svcRtxKernelStart                        0x00001159   Thumb Code   136  rtx_kernel.o(.text.svcRtxKernelStart)
    __arm_cp.21_0                            0x000011d0   Number         4  rtx_kernel.o(.text.svcRtxKernelStart)
    __arm_cp.21_1                            0x000011d4   Number         4  rtx_kernel.o(.text.svcRtxKernelStart)
    __arm_cp.21_2                            0x000011d8   Number         4  rtx_kernel.o(.text.svcRtxKernelStart)
    __arm_cp.21_3                            0x000011dc   Number         4  rtx_kernel.o(.text.svcRtxKernelStart)
    [Anonymous Symbol]                       0x000011e0   Section        0  rtx_msgqueue.o(.text.svcRtxMessageQueueDelete)
    svcRtxMessageQueueDelete                 0x000011e1   Thumb Code   112  rtx_msgqueue.o(.text.svcRtxMessageQueueDelete)
    __arm_cp.23_0                            0x0000124c   Number         4  rtx_msgqueue.o(.text.svcRtxMessageQueueDelete)
    [Anonymous Symbol]                       0x00001250   Section        0  rtx_msgqueue.o(.text.svcRtxMessageQueueGet)
    svcRtxMessageQueueGet                    0x00001251   Thumb Code   224  rtx_msgqueue.o(.text.svcRtxMessageQueueGet)
    __arm_cp.21_0                            0x0000132c   Number         4  rtx_msgqueue.o(.text.svcRtxMessageQueueGet)
    [Anonymous Symbol]                       0x00001330   Section        0  rtx_msgqueue.o(.text.svcRtxMessageQueueNew)
    svcRtxMessageQueueNew                    0x00001331   Thumb Code   304  rtx_msgqueue.o(.text.svcRtxMessageQueueNew)
    __arm_cp.14_0                            0x00001458   Number         4  rtx_msgqueue.o(.text.svcRtxMessageQueueNew)
    __arm_cp.14_1                            0x0000145c   Number         4  rtx_msgqueue.o(.text.svcRtxMessageQueueNew)
    [Anonymous Symbol]                       0x00001460   Section        0  rtx_msgqueue.o(.text.svcRtxMessageQueuePut)
    svcRtxMessageQueuePut                    0x00001461   Thumb Code   192  rtx_msgqueue.o(.text.svcRtxMessageQueuePut)
    __arm_cp.19_0                            0x0000151c   Number         4  rtx_msgqueue.o(.text.svcRtxMessageQueuePut)
    [Anonymous Symbol]                       0x00001520   Section        0  rtx_semaphore.o(.text.svcRtxSemaphoreAcquire)
    svcRtxSemaphoreAcquire                   0x00001521   Thumb Code    88  rtx_semaphore.o(.text.svcRtxSemaphoreAcquire)
    __arm_cp.10_0                            0x00001574   Number         4  rtx_semaphore.o(.text.svcRtxSemaphoreAcquire)
    [Anonymous Symbol]                       0x00001578   Section        0  rtx_semaphore.o(.text.svcRtxSemaphoreDelete)
    svcRtxSemaphoreDelete                    0x00001579   Thumb Code    96  rtx_semaphore.o(.text.svcRtxSemaphoreDelete)
    __arm_cp.13_0                            0x000015d4   Number         4  rtx_semaphore.o(.text.svcRtxSemaphoreDelete)
    [Anonymous Symbol]                       0x000015d8   Section        0  rtx_semaphore.o(.text.svcRtxSemaphoreNew)
    svcRtxSemaphoreNew                       0x000015d9   Thumb Code   128  rtx_semaphore.o(.text.svcRtxSemaphoreNew)
    __arm_cp.7_0                             0x00001650   Number         4  rtx_semaphore.o(.text.svcRtxSemaphoreNew)
    __arm_cp.7_1                             0x00001654   Number         4  rtx_semaphore.o(.text.svcRtxSemaphoreNew)
    [Anonymous Symbol]                       0x00001658   Section        0  rtx_semaphore.o(.text.svcRtxSemaphoreRelease)
    svcRtxSemaphoreRelease                   0x00001659   Thumb Code    54  rtx_semaphore.o(.text.svcRtxSemaphoreRelease)
    [Anonymous Symbol]                       0x00001690   Section        0  rtx_thread.o(.text.svcRtxThreadExit)
    svcRtxThreadExit                         0x00001691   Thumb Code   104  rtx_thread.o(.text.svcRtxThreadExit)
    __arm_cp.55_0                            0x000016f4   Number         4  rtx_thread.o(.text.svcRtxThreadExit)
    [Anonymous Symbol]                       0x000016f8   Section        0  rtx_thread.o(.text.svcRtxThreadNew)
    svcRtxThreadNew                          0x000016f9   Thumb Code   464  rtx_thread.o(.text.svcRtxThreadNew)
    __arm_cp.17_0                            0x000018b4   Number         4  rtx_thread.o(.text.svcRtxThreadNew)
    __arm_cp.17_1                            0x000018b8   Number         4  rtx_thread.o(.text.svcRtxThreadNew)
    __arm_cp.17_2                            0x000018bc   Number         4  rtx_thread.o(.text.svcRtxThreadNew)
    __arm_cp.17_3                            0x000018c0   Number         4  rtx_thread.o(.text.svcRtxThreadNew)
    __arm_cp.17_4                            0x000018c4   Number         4  rtx_thread.o(.text.svcRtxThreadNew)
    [Anonymous Symbol]                       0x000018c8   Section        0  rtx_thread.o(.text.svcRtxThreadTerminate)
    svcRtxThreadTerminate                    0x000018c9   Thumb Code   188  rtx_thread.o(.text.svcRtxThreadTerminate)
    __arm_cp.56_0                            0x00001980   Number         4  rtx_thread.o(.text.svcRtxThreadTerminate)
    i.Free                                   0x00001984   Section        0  uart.o(i.Free)
    i.FreeRcv                                0x0000198c   Section        0  uart.o(i.FreeRcv)
    i.FreeSnd                                0x000019b0   Section        0  uart.o(i.FreeSnd)
    i.SystemInit                             0x000019d4   Section        0  system_lpc17xx.o(i.SystemInit)
    i.UART0_IRQHandler                       0x00001b14   Section        0  uart.o(i.UART0_IRQHandler)
    i.UART1_IRQHandler                       0x00001b7c   Section        0  uart.o(i.UART1_IRQHandler)
    i.UARTInit                               0x00001bec   Section        0  uart.o(i.UARTInit)
    i.UARTSendChar                           0x00001ca8   Section        0  uart.o(i.UARTSendChar)
    i.__0printf$3                            0x00001ccc   Section        0  printf3.o(i.__0printf$3)
    i.__NVIC_EnableIRQ                       0x00001cec   Section        0  uart.o(i.__NVIC_EnableIRQ)
    __NVIC_EnableIRQ                         0x00001ced   Thumb Code    34  uart.o(i.__NVIC_EnableIRQ)
    i.__scatterload_copy                     0x00001d0e   Section       14  handlers.o(i.__scatterload_copy)
    i.__scatterload_zeroinit                 0x00001d1c   Section       14  handlers.o(i.__scatterload_zeroinit)
    i._printf_core                           0x00001d2c   Section        0  printf3.o(i._printf_core)
    _printf_core                             0x00001d2d   Thumb Code   436  printf3.o(i._printf_core)
    i.broadcast                              0x00001ee4   Section        0  general.o(i.broadcast)
    i.cleanup                                0x00002060   Section        0  general.o(i.cleanup)
    i.fputc                                  0x0000220c   Section        0  retarget.o(i.fputc)
    i.free                                   0x0000221c   Section        0  malloc.o(i.free)
    i.general                                0x0000226c   Section        0  general.o(i.general)
    i.general_in_path                        0x00002388   Section        0  general.o(i.general_in_path)
    i.getFrequency                           0x000023ac   Section        0  uart.o(i.getFrequency)
    i.main                                   0x000023f4   Section        0  final.o(i.main)
    i.malloc                                 0x00002410   Section        0  malloc.o(i.malloc)
    i.om                                     0x0000247c   Section        0  general.o(i.om)
    i.osRtxErrorNotify                       0x00002690   Section        0  rtx_config.o(i.osRtxErrorNotify)
    i.osRtxIdleThread                        0x000026b0   Section        0  rtx_config.o(i.osRtxIdleThread)
    i.sendchar                               0x000026b4   Section        0  retarget.o(i.sendchar)
    i.setup                                  0x000026f8   Section        0  general.o(i.setup)
    i.startGenerals                          0x00002964   Section        0  final.o(i.startGenerals)
    i.stopGenerals                           0x000029d0   Section        0  final.o(i.stopGenerals)
    i.testCases                              0x000029f8   Section        0  final.o(i.testCases)
    .constdata                               0x00002aa0   Section      100  rtx_lib.o(.constdata)
    os_idle_thread_attr                      0x00002aa0   Data          36  rtx_lib.o(.constdata)
    os_timer_thread_attr                     0x00002ac4   Data          36  rtx_lib.o(.constdata)
    os_timer_mq_attr                         0x00002ae8   Data          24  rtx_lib.o(.constdata)
    .conststring                             0x00002b04   Section      429  general.o(.conststring)
    .rodata                                  0x00002cb4   Section      160  rtx_lib.o(.rodata)
    __tagsym$$used                           0x00002cb4   Number         0  rtx_lib.o(.rodata)
    __tagsym$$used                           0x00002d1c   Number         0  rtx_lib.o(.rodata)
    [Anonymous Symbol]                       0x00002d54   Section        0  rtx_kernel.o(.rodata.str1.4)
    .L.str                                   0x00002d54   Data          11  rtx_kernel.o(.rodata.str1.4)
    .bss.os                                  0x10000000   Section    18496  rtx_lib.o(.bss.os)
    os_mem                                   0x10000000   Data       18432  rtx_lib.o(.bss.os)
    os_isr_queue                             0x10004800   Data          64  rtx_lib.o(.bss.os)
    .bss.os.msgqueue.cb                      0x10004840   Section       52  rtx_lib.o(.bss.os.msgqueue.cb)
    os_timer_mq_cb                           0x10004840   Data          52  rtx_lib.o(.bss.os.msgqueue.cb)
    .bss.os.msgqueue.mem                     0x10004874   Section       80  rtx_lib.o(.bss.os.msgqueue.mem)
    os_timer_mq_data                         0x10004874   Data          80  rtx_lib.o(.bss.os.msgqueue.mem)
    .bss.os.thread.cb                        0x100048c4   Section      136  rtx_lib.o(.bss.os.thread.cb)
    os_idle_thread_cb                        0x100048c4   Data          68  rtx_lib.o(.bss.os.thread.cb)
    os_timer_thread_cb                       0x10004908   Data          68  rtx_lib.o(.bss.os.thread.cb)
    .bss.os.thread.stack                     0x10004950   Section      512  rtx_lib.o(.bss.os.thread.stack)
    os_idle_thread_stack                     0x10004950   Data         256  rtx_lib.o(.bss.os.thread.stack)
    os_timer_thread_stack                    0x10004a50   Data         256  rtx_lib.o(.bss.os.thread.stack)
    .data                                    0x10004b50   Section       12  retarget.o(.data)
    .data                                    0x10004b5c   Section       32  uart.o(.data)
    .data                                    0x10004b7c   Section       40  final.o(.data)
    .data                                    0x10004ba4   Section       36  general.o(.data)
    .data                                    0x10004bc8   Section        4  system_lpc17xx.o(.data)
    .data                                    0x10004bcc   Section        4  mvars.o(.data)
    .data                                    0x10004bd0   Section        4  mvars.o(.data)
    .bss                                     0x10004c78   Section      128  uart.o(.bss)
    .bss                                     0x10004cf8   Section       28  final.o(.bss)
    [Anonymous Symbol]                       0x10004d14   Section        0  os_systick.o(.bss.PendST)
    PendST                                   0x10004d14   Data           1  os_systick.o(.bss.PendST)
    HEAP                                     0x10004d18   Section     8192  startup_lpc17xx.o(HEAP)
    STACK                                    0x10006d18   Section     2048  startup_lpc17xx.o(STACK)

    Global Symbols

    Symbol Name                              Value     Ov Type        Size  Object(Section)

    BuildAttributes$$THM_ISAv4$P$D$K$B$S$PE$A:L22UL41UL21$X:L11$S22US41US21$IEEE1$IW$~IW$USESV6$~STKCKD$USESV7$~SHL$OSPACE$ROPI$EBA8$MICROLIB$REQ8$PRES8$EABIv2 0x00000000   Number         0  anon$$obj.o ABSOLUTE
    __ARM_use_no_argv                        0x00000000   Number         0  final.o ABSOLUTE
    __Vectors                                0x00000000   Data           4  startup_lpc17xx.o(RESET)
    _printf_a                                0x00000000   Number         0  stubs.o ABSOLUTE
    _printf_c                                0x00000000   Number         0  stubs.o ABSOLUTE
    _printf_charcount                        0x00000000   Number         0  stubs.o ABSOLUTE
    _printf_d                                0x00000000   Number         0  stubs.o ABSOLUTE
    _printf_e                                0x00000000   Number         0  stubs.o ABSOLUTE
    _printf_f                                0x00000000   Number         0  stubs.o ABSOLUTE
    _printf_flags                            0x00000000   Number         0  stubs.o ABSOLUTE
    _printf_fp_dec                           0x00000000   Number         0  stubs.o ABSOLUTE
    _printf_fp_hex                           0x00000000   Number         0  stubs.o ABSOLUTE
    _printf_g                                0x00000000   Number         0  stubs.o ABSOLUTE
    _printf_i                                0x00000000   Number         0  stubs.o ABSOLUTE
    _printf_int_dec                          0x00000000   Number         0  stubs.o ABSOLUTE
    _printf_l                                0x00000000   Number         0  stubs.o ABSOLUTE
    _printf_lc                               0x00000000   Number         0  stubs.o ABSOLUTE
    _printf_ll                               0x00000000   Number         0  stubs.o ABSOLUTE
    _printf_lld                              0x00000000   Number         0  stubs.o ABSOLUTE
    _printf_lli                              0x00000000   Number         0  stubs.o ABSOLUTE
    _printf_llo                              0x00000000   Number         0  stubs.o ABSOLUTE
    _printf_llu                              0x00000000   Number         0  stubs.o ABSOLUTE
    _printf_llx                              0x00000000   Number         0  stubs.o ABSOLUTE
    _printf_longlong_dec                     0x00000000   Number         0  stubs.o ABSOLUTE
    _printf_longlong_hex                     0x00000000   Number         0  stubs.o ABSOLUTE
    _printf_longlong_oct                     0x00000000   Number         0  stubs.o ABSOLUTE
    _printf_ls                               0x00000000   Number         0  stubs.o ABSOLUTE
    _printf_mbtowc                           0x00000000   Number         0  stubs.o ABSOLUTE
    _printf_n                                0x00000000   Number         0  stubs.o ABSOLUTE
    _printf_o                                0x00000000   Number         0  stubs.o ABSOLUTE
    _printf_p                                0x00000000   Number         0  stubs.o ABSOLUTE
    _printf_percent                          0x00000000   Number         0  stubs.o ABSOLUTE
    _printf_pre_padding                      0x00000000   Number         0  stubs.o ABSOLUTE
    _printf_return_value                     0x00000000   Number         0  stubs.o ABSOLUTE
    _printf_s                                0x00000000   Number         0  stubs.o ABSOLUTE
    _printf_sizespec                         0x00000000   Number         0  stubs.o ABSOLUTE
    _printf_str                              0x00000000   Number         0  stubs.o ABSOLUTE
    _printf_truncate_signed                  0x00000000   Number         0  stubs.o ABSOLUTE
    _printf_truncate_unsigned                0x00000000   Number         0  stubs.o ABSOLUTE
    _printf_u                                0x00000000   Number         0  stubs.o ABSOLUTE
    _printf_wc                               0x00000000   Number         0  stubs.o ABSOLUTE
    _printf_wctomb                           0x00000000   Number         0  stubs.o ABSOLUTE
    _printf_widthprec                        0x00000000   Number         0  stubs.o ABSOLUTE
    _printf_x                                0x00000000   Number         0  stubs.o ABSOLUTE
    .bss.os.evflags.cb$$Base                  - Undefined Weak Reference
    .bss.os.evflags.cb$$Limit                 - Undefined Weak Reference
    .bss.os.mempool.cb$$Base                  - Undefined Weak Reference
    .bss.os.mempool.cb$$Limit                 - Undefined Weak Reference
    .bss.os.mutex.cb$$Base                    - Undefined Weak Reference
    .bss.os.mutex.cb$$Limit                   - Undefined Weak Reference
    .bss.os.semaphore.cb$$Base                - Undefined Weak Reference
    .bss.os.semaphore.cb$$Limit               - Undefined Weak Reference
    .bss.os.timer.cb$$Base                    - Undefined Weak Reference
    .bss.os.timer.cb$$Limit                   - Undefined Weak Reference
    __cpp_initialize__aeabi_                  - Undefined Weak Reference
    __cxa_finalize                            - Undefined Weak Reference
    _clock_init                               - Undefined Weak Reference
    _microlib_exit                            - Undefined Weak Reference
    __main                                   0x000000cd   Thumb Code     0  entry.o(.ARM.Collect$$$$00000000)
    _main_stk                                0x000000cd   Thumb Code     0  entry2.o(.ARM.Collect$$$$00000001)
    _main_scatterload                        0x000000d1   Thumb Code     0  entry5.o(.ARM.Collect$$$$00000004)
    __main_after_scatterload                 0x000000d5   Thumb Code     0  entry5.o(.ARM.Collect$$$$00000004)
    _main_clock                              0x000000d5   Thumb Code     0  entry7b.o(.ARM.Collect$$$$00000008)
    _main_cpp_init                           0x000000d5   Thumb Code     0  entry8b.o(.ARM.Collect$$$$0000000A)
    _main_init                               0x000000d5   Thumb Code     0  entry9a.o(.ARM.Collect$$$$0000000B)
    __rt_final_cpp                           0x000000dd   Thumb Code     0  entry10a.o(.ARM.Collect$$$$0000000D)
    __rt_final_exit                          0x000000dd   Thumb Code     0  entry11a.o(.ARM.Collect$$$$0000000F)
    Reset_Handler                            0x000000e1   Thumb Code     8  startup_lpc17xx.o(.text)
    NMI_Handler                              0x000000e9   Thumb Code     2  startup_lpc17xx.o(.text)
    HardFault_Handler                        0x000000eb   Thumb Code     2  startup_lpc17xx.o(.text)
    MemManage_Handler                        0x000000ed   Thumb Code     2  startup_lpc17xx.o(.text)
    BusFault_Handler                         0x000000ef   Thumb Code     2  startup_lpc17xx.o(.text)
    UsageFault_Handler                       0x000000f1   Thumb Code     2  startup_lpc17xx.o(.text)
    DebugMon_Handler                         0x000000f5   Thumb Code     2  startup_lpc17xx.o(.text)
    ADC_IRQHandler                           0x000000fb   Thumb Code     0  startup_lpc17xx.o(.text)
    BOD_IRQHandler                           0x000000fb   Thumb Code     0  startup_lpc17xx.o(.text)
    CANActivity_IRQHandler                   0x000000fb   Thumb Code     0  startup_lpc17xx.o(.text)
    CAN_IRQHandler                           0x000000fb   Thumb Code     0  startup_lpc17xx.o(.text)
    DMA_IRQHandler                           0x000000fb   Thumb Code     0  startup_lpc17xx.o(.text)
    EINT0_IRQHandler                         0x000000fb   Thumb Code     0  startup_lpc17xx.o(.text)
    EINT1_IRQHandler                         0x000000fb   Thumb Code     0  startup_lpc17xx.o(.text)
    EINT2_IRQHandler                         0x000000fb   Thumb Code     0  startup_lpc17xx.o(.text)
    EINT3_IRQHandler                         0x000000fb   Thumb Code     0  startup_lpc17xx.o(.text)
    ENET_IRQHandler                          0x000000fb   Thumb Code     0  startup_lpc17xx.o(.text)
    I2C0_IRQHandler                          0x000000fb   Thumb Code     0  startup_lpc17xx.o(.text)
    I2C1_IRQHandler                          0x000000fb   Thumb Code     0  startup_lpc17xx.o(.text)
    I2C2_IRQHandler                          0x000000fb   Thumb Code     0  startup_lpc17xx.o(.text)
    I2S_IRQHandler                           0x000000fb   Thumb Code     0  startup_lpc17xx.o(.text)
    MCPWM_IRQHandler                         0x000000fb   Thumb Code     0  startup_lpc17xx.o(.text)
    PLL0_IRQHandler                          0x000000fb   Thumb Code     0  startup_lpc17xx.o(.text)
    PLL1_IRQHandler                          0x000000fb   Thumb Code     0  startup_lpc17xx.o(.text)
    PWM1_IRQHandler                          0x000000fb   Thumb Code     0  startup_lpc17xx.o(.text)
    QEI_IRQHandler                           0x000000fb   Thumb Code     0  startup_lpc17xx.o(.text)
    RIT_IRQHandler                           0x000000fb   Thumb Code     0  startup_lpc17xx.o(.text)
    RTC_IRQHandler                           0x000000fb   Thumb Code     0  startup_lpc17xx.o(.text)
    SPI_IRQHandler                           0x000000fb   Thumb Code     0  startup_lpc17xx.o(.text)
    SSP0_IRQHandler                          0x000000fb   Thumb Code     0  startup_lpc17xx.o(.text)
    SSP1_IRQHandler                          0x000000fb   Thumb Code     0  startup_lpc17xx.o(.text)
    TIMER0_IRQHandler                        0x000000fb   Thumb Code     0  startup_lpc17xx.o(.text)
    TIMER1_IRQHandler                        0x000000fb   Thumb Code     0  startup_lpc17xx.o(.text)
    TIMER2_IRQHandler                        0x000000fb   Thumb Code     0  startup_lpc17xx.o(.text)
    TIMER3_IRQHandler                        0x000000fb   Thumb Code     0  startup_lpc17xx.o(.text)
    UART2_IRQHandler                         0x000000fb   Thumb Code     0  startup_lpc17xx.o(.text)
    UART3_IRQHandler                         0x000000fb   Thumb Code     0  startup_lpc17xx.o(.text)
    USBActivity_IRQHandler                   0x000000fb   Thumb Code     0  startup_lpc17xx.o(.text)
    USB_IRQHandler                           0x000000fb   Thumb Code     0  startup_lpc17xx.o(.text)
    WDT_IRQHandler                           0x000000fb   Thumb Code     0  startup_lpc17xx.o(.text)
    SVC_Handler                              0x00000105   Thumb Code   108  irq_cm3.o(.text)
    PendSV_Handler                           0x00000171   Thumb Code    16  irq_cm3.o(.text)
    SysTick_Handler                          0x00000181   Thumb Code    16  irq_cm3.o(.text)
    __aeabi_memcpy                           0x00000199   Thumb Code    36  memcpya.o(.text)
    __aeabi_memcpy4                          0x00000199   Thumb Code     0  memcpya.o(.text)
    __aeabi_memcpy8                          0x00000199   Thumb Code     0  memcpya.o(.text)
    __aeabi_memset                           0x000001bd   Thumb Code    14  memseta.o(.text)
    __aeabi_memset4                          0x000001bd   Thumb Code     0  memseta.o(.text)
    __aeabi_memset8                          0x000001bd   Thumb Code     0  memseta.o(.text)
    __aeabi_memclr                           0x000001cb   Thumb Code     4  memseta.o(.text)
    __aeabi_memclr4                          0x000001cb   Thumb Code     0  memseta.o(.text)
    __aeabi_memclr8                          0x000001cb   Thumb Code     0  memseta.o(.text)
    _memset$wrapper                          0x000001cf   Thumb Code    18  memseta.o(.text)
    __aeabi_uidiv                            0x000001e1   Thumb Code     0  uidiv.o(.text)
    __aeabi_uidivmod                         0x000001e1   Thumb Code    44  uidiv.o(.text)
    __scatterload                            0x0000020d   Thumb Code    28  init.o(.text)
    __scatterload_rt2                        0x0000020d   Thumb Code     0  init.o(.text)
    __decompress                             0x00000231   Thumb Code     0  __dczerorl2.o(.text)
    __decompress1                            0x00000231   Thumb Code    86  __dczerorl2.o(.text)
    OS_Tick_AcknowledgeIRQ                   0x000002e5   Thumb Code    12  os_systick.o(.text.OS_Tick_AcknowledgeIRQ)
    OS_Tick_GetIRQn                          0x000002f1   Thumb Code     6  os_systick.o(.text.OS_Tick_GetIRQn)
    osRtxKernelPreInit                       0x000002f7   Thumb Code     2  rtx_kernel.o(.text.osRtxKernelPreInit)
    __scatterload_null                       0x000002f9   Thumb Code     2  handlers.o(i.__scatterload_null)
    OS_Tick_Enable                           0x00000359   Thumb Code    44  os_systick.o(.text.OS_Tick_Enable)
    OS_Tick_Setup                            0x00000385   Thumb Code    64  os_systick.o(.text.OS_Tick_Setup)
    osKernelInitialize                       0x000004a9   Thumb Code    44  rtx_kernel.o(.text.osKernelInitialize)
    osKernelStart                            0x000004d5   Thumb Code    36  rtx_kernel.o(.text.osKernelStart)
    osMessageQueueDelete                     0x000004f9   Thumb Code    36  rtx_msgqueue.o(.text.osMessageQueueDelete)
    osMessageQueueGet                        0x0000051d   Thumb Code   108  rtx_msgqueue.o(.text.osMessageQueueGet)
    osMessageQueueNew                        0x00000589   Thumb Code    36  rtx_msgqueue.o(.text.osMessageQueueNew)
    osMessageQueuePut                        0x000005ad   Thumb Code   120  rtx_msgqueue.o(.text.osMessageQueuePut)
    osRtxMemoryAlloc                         0x00000625   Thumb Code   112  rtx_memory.o(.text.osRtxMemoryAlloc)
    osRtxMemoryFree                          0x00000695   Thumb Code    70  rtx_memory.o(.text.osRtxMemoryFree)
    osRtxMemoryInit                          0x000006db   Thumb Code    60  rtx_memory.o(.text.osRtxMemoryInit)
    osRtxMemoryPoolAlloc                     0x00000717   Thumb Code    58  rtx_mempool.o(.text.osRtxMemoryPoolAlloc)
    osRtxMemoryPoolFree                      0x00000751   Thumb Code    74  rtx_mempool.o(.text.osRtxMemoryPoolFree)
    osRtxMemoryPoolInit                      0x0000079b   Thumb Code    54  rtx_mempool.o(.text.osRtxMemoryPoolInit)
    osRtxMutexOwnerRelease                   0x0000088b   Thumb Code    72  rtx_mutex.o(.text.osRtxMutexOwnerRelease)
    osRtxMutexOwnerRestore                   0x000008d3   Thumb Code    66  rtx_mutex.o(.text.osRtxMutexOwnerRestore)
    osRtxPendSV_Handler                      0x00000915   Thumb Code   140  rtx_system.o(.text.osRtxPendSV_Handler)
    osRtxPostProcess                         0x000009a1   Thumb Code   116  rtx_system.o(.text.osRtxPostProcess)
    osRtxThreadDelayTick                     0x00000b35   Thumb Code    76  rtx_thread.o(.text.osRtxThreadDelayTick)
    osRtxThreadDispatch                      0x00000b81   Thumb Code    88  rtx_thread.o(.text.osRtxThreadDispatch)
    osRtxThreadListGet                       0x00000c31   Thumb Code    18  rtx_thread.o(.text.osRtxThreadListGet)
    osRtxThreadListPut                       0x00000c43   Thumb Code    44  rtx_thread.o(.text.osRtxThreadListPut)
    osRtxThreadListRemove                    0x00000c6f   Thumb Code    20  rtx_thread.o(.text.osRtxThreadListRemove)
    osRtxThreadListSort                      0x00000c8f   Thumb Code    38  rtx_thread.o(.text.osRtxThreadListSort)
    osRtxThreadReadyPut                      0x00000cdd   Thumb Code    20  rtx_thread.o(.text.osRtxThreadReadyPut)
    osRtxThreadRegPtr                        0x00000cf1   Thumb Code     6  rtx_thread.o(.text.osRtxThreadRegPtr)
    osRtxThreadStackCheck                    0x00000cf9   Thumb Code    40  rtx_thread.o(.text.osRtxThreadStackCheck)
    osRtxThreadStartup                       0x00000d21   Thumb Code    64  rtx_thread.o(.text.osRtxThreadStartup)
    osRtxThreadSwitch                        0x00000d61   Thumb Code    16  rtx_thread.o(.text.osRtxThreadSwitch)
    osRtxThreadWaitEnter                     0x00000d71   Thumb Code    56  rtx_thread.o(.text.osRtxThreadWaitEnter)
    osRtxThreadWaitExit                      0x00000da9   Thumb Code    36  rtx_thread.o(.text.osRtxThreadWaitExit)
    osRtxTick_Handler                        0x00000dcd   Thumb Code   112  rtx_system.o(.text.osRtxTick_Handler)
    osRtxTimerThread                         0x00000e3d   Thumb Code    60  rtx_timer.o(.text.osRtxTimerThread)
    osSemaphoreAcquire                       0x00000ecd   Thumb Code    84  rtx_semaphore.o(.text.osSemaphoreAcquire)
    osSemaphoreDelete                        0x00000f21   Thumb Code    36  rtx_semaphore.o(.text.osSemaphoreDelete)
    osSemaphoreNew                           0x00000f45   Thumb Code    36  rtx_semaphore.o(.text.osSemaphoreNew)
    osSemaphoreRelease                       0x00000f69   Thumb Code    76  rtx_semaphore.o(.text.osSemaphoreRelease)
    osThreadExit                             0x00000fb5   Thumb Code    12  rtx_thread.o(.text.osThreadExit)
    osThreadNew                              0x00000fc1   Thumb Code    36  rtx_thread.o(.text.osThreadNew)
    osThreadTerminate                        0x00000fe5   Thumb Code    36  rtx_thread.o(.text.osThreadTerminate)
    Free                                     0x00001985   Thumb Code     6  uart.o(i.Free)
    FreeRcv                                  0x0000198d   Thumb Code    28  uart.o(i.FreeRcv)
    FreeSnd                                  0x000019b1   Thumb Code    28  uart.o(i.FreeSnd)
    SystemInit                               0x000019d5   Thumb Code   302  system_lpc17xx.o(i.SystemInit)
    UART0_IRQHandler                         0x00001b15   Thumb Code    88  uart.o(i.UART0_IRQHandler)
    UART1_IRQHandler                         0x00001b7d   Thumb Code    90  uart.o(i.UART1_IRQHandler)
    UARTInit                                 0x00001bed   Thumb Code   176  uart.o(i.UARTInit)
    UARTSendChar                             0x00001ca9   Thumb Code    26  uart.o(i.UARTSendChar)
    __0printf$3                              0x00001ccd   Thumb Code    22  printf3.o(i.__0printf$3)
    __1printf$3                              0x00001ccd   Thumb Code     0  printf3.o(i.__0printf$3)
    __2printf                                0x00001ccd   Thumb Code     0  printf3.o(i.__0printf$3)
    __scatterload_copy                       0x00001d0f   Thumb Code    14  handlers.o(i.__scatterload_copy)
    __scatterload_zeroinit                   0x00001d1d   Thumb Code    14  handlers.o(i.__scatterload_zeroinit)
    broadcast                                0x00001ee5   Thumb Code   218  general.o(i.broadcast)
    cleanup                                  0x00002061   Thumb Code   188  general.o(i.cleanup)
    fputc                                    0x0000220d   Thumb Code    14  retarget.o(i.fputc)
    free                                     0x0000221d   Thumb Code    76  malloc.o(i.free)
    general                                  0x0000226d   Thumb Code   128  general.o(i.general)
    general_in_path                          0x00002389   Thumb Code    36  general.o(i.general_in_path)
    getFrequency                             0x000023ad   Thumb Code    62  uart.o(i.getFrequency)
    main                                     0x000023f5   Thumb Code    22  final.o(i.main)
    malloc                                   0x00002411   Thumb Code    92  malloc.o(i.malloc)
    om                                       0x0000247d   Thumb Code   404  general.o(i.om)
    osRtxErrorNotify                         0x00002691   Thumb Code    32  rtx_config.o(i.osRtxErrorNotify)
    osRtxIdleThread                          0x000026b1   Thumb Code     4  rtx_config.o(i.osRtxIdleThread)
    sendchar                                 0x000026b5   Thumb Code    64  retarget.o(i.sendchar)
    setup                                    0x000026f9   Thumb Code   416  general.o(i.setup)
    startGenerals                            0x00002965   Thumb Code    60  final.o(i.startGenerals)
    stopGenerals                             0x000029d1   Thumb Code    30  final.o(i.stopGenerals)
    testCases                                0x000029f9   Thumb Code   122  final.o(i.testCases)
    osRtxUserSVC                             0x00002b00   Data           4  rtx_lib.o(.constdata)
    osRtxConfig                              0x00002cb4   Data         104  rtx_lib.o(.rodata)
    os_cb_sections                           0x00002d1c   Data          56  rtx_lib.o(.rodata)
    Region$$Table$$Base                      0x00002d60   Number         0  anon$$obj.o(Region$$Table)
    Region$$Table$$Limit                     0x00002d80   Number         0  anon$$obj.o(Region$$Table)
    .bss.os.msgqueue.cb$$Base                0x10004840   Number         0  rtx_lib.o(.bss.os.msgqueue.cb)
    .bss.os.msgqueue.cb$$Limit               0x10004874   Number         0  rtx_lib.o(.bss.os.msgqueue.cb)
    .bss.os.thread.cb$$Base                  0x100048c4   Number         0  rtx_lib.o(.bss.os.thread.cb)
    .bss.os.thread.cb$$Limit                 0x1000494c   Number         0  rtx_lib.o(.bss.os.thread.cb)
    uart_init_called                         0x10004b50   Data           1  retarget.o(.data)
    __stdout                                 0x10004b54   Data           4  retarget.o(.data)
    __stdin                                  0x10004b58   Data           4  retarget.o(.data)
    ITM_RxBuffer                             0x10004b5c   Data           4  uart.o(.data)
    UART0Status                              0x10004b60   Data           4  uart.o(.data)
    UART1Status                              0x10004b64   Data           4  uart.o(.data)
    UART0TxEmpty                             0x10004b68   Data           1  uart.o(.data)
    UART1TxEmpty                             0x10004b69   Data           1  uart.o(.data)
    UART0Count                               0x10004b6c   Data           4  uart.o(.data)
    UART1Count                               0x10004b70   Data           4  uart.o(.data)
    RcvLock0                                 0x10004b74   Data           1  uart.o(.data)
    SndLock0                                 0x10004b75   Data           1  uart.o(.data)
    RcvLock1                                 0x10004b76   Data           1  uart.o(.data)
    SndLock1                                 0x10004b77   Data           1  uart.o(.data)
    i                                        0x10004b78   Data           4  uart.o(.data)
    loyal0                                   0x10004b7c   Data           3  final.o(.data)
    loyal1                                   0x10004b7f   Data           4  final.o(.data)
    loyal2                                   0x10004b83   Data           4  final.o(.data)
    loyal3                                   0x10004b87   Data           7  final.o(.data)
    tests                                    0x10004b90   Data          12  final.o(.data)
    ids                                      0x10004b9c   Data           7  final.o(.data)
    nGeneral                                 0x10004ba3   Data           1  final.o(.data)
    general_msgs_sent                        0x10004ba4   Data           7  general.o(.data)
    m_reporter                               0x10004bab   Data           1  general.o(.data)
    m_commander                              0x10004bac   Data           1  general.o(.data)
    m_nGeneral                               0x10004bad   Data           1  general.o(.data)
    m_nTraitors                              0x10004bae   Data           1  general.o(.data)
    m_loyal                                  0x10004bb0   Data           4  general.o(.data)
    m_buffers0                               0x10004bb4   Data           4  general.o(.data)
    m_buffers1                               0x10004bb8   Data           4  general.o(.data)
    m_buffers2                               0x10004bbc   Data           4  general.o(.data)
    m_enter                                  0x10004bc0   Data           4  general.o(.data)
    m_exit                                   0x10004bc4   Data           4  general.o(.data)
    SystemCoreClock                          0x10004bc8   Data           4  system_lpc17xx.o(.data)
    __microlib_freelist                      0x10004bcc   Data           4  mvars.o(.data)
    __microlib_freelist_initialised          0x10004bd0   Data           4  mvars.o(.data)
    osRtxInfo                                0x10004bd4   Data         164  rtx_kernel.o(.data.os)
    UART0Buffer                              0x10004c78   Data          64  uart.o(.bss)
    UART1Buffer                              0x10004cb8   Data          64  uart.o(.bss)
    generals                                 0x10004cf8   Data          28  final.o(.bss)
    __heap_base                              0x10004d18   Data           0  startup_lpc17xx.o(HEAP)
    __heap_limit                             0x10006d18   Data           0  startup_lpc17xx.o(HEAP)
    __initial_sp                             0x10007518   Data           0  startup_lpc17xx.o(STACK)



==============================================================================

Memory Map of the image

  Image Entry point : 0x000000e1

  Load Region LR_1 (Base: 0x00000000, Size: 0x000079f8, Max: 0xffffffff, ABSOLUTE, COMPRESSED[0x00002e4c])

    Execution Region ER_RO (Exec base: 0x00000000, Load base: 0x00000000, Size: 0x00002d80, Max: 0xffffffff, ABSOLUTE)

    Exec Addr    Load Addr    Size         Type   Attr      Idx    E Section Name        Object

    0x00000000   0x00000000   0x000000cc   Data   RO          391    RESET               startup_lpc17xx.o
    0x000000cc   0x000000cc   0x00000000   Code   RO          930  * .ARM.Collect$$$$00000000  mc_w.l(entry.o)
    0x000000cc   0x000000cc   0x00000004   Code   RO         1230    .ARM.Collect$$$$00000001  mc_w.l(entry2.o)
    0x000000d0   0x000000d0   0x00000004   Code   RO         1233    .ARM.Collect$$$$00000004  mc_w.l(entry5.o)
    0x000000d4   0x000000d4   0x00000000   Code   RO         1235    .ARM.Collect$$$$00000008  mc_w.l(entry7b.o)
    0x000000d4   0x000000d4   0x00000000   Code   RO         1237    .ARM.Collect$$$$0000000A  mc_w.l(entry8b.o)
    0x000000d4   0x000000d4   0x00000008   Code   RO         1238    .ARM.Collect$$$$0000000B  mc_w.l(entry9a.o)
    0x000000dc   0x000000dc   0x00000000   Code   RO         1240    .ARM.Collect$$$$0000000D  mc_w.l(entry10a.o)
    0x000000dc   0x000000dc   0x00000000   Code   RO         1242    .ARM.Collect$$$$0000000F  mc_w.l(entry11a.o)
    0x000000dc   0x000000dc   0x00000004   Code   RO         1231    .ARM.Collect$$$$00002712  mc_w.l(entry2.o)
    0x000000e0   0x000000e0   0x00000024   Code   RO          393  * .text               startup_lpc17xx.o
    0x00000104   0x00000104   0x00000094   Code   RO          737    .text               RTX_CM3.lib(irq_cm3.o)
    0x00000198   0x00000198   0x00000024   Code   RO          935    .text               mc_w.l(memcpya.o)
    0x000001bc   0x000001bc   0x00000024   Code   RO          937    .text               mc_w.l(memseta.o)
    0x000001e0   0x000001e0   0x0000002c   Code   RO         1244    .text               mc_w.l(uidiv.o)
    0x0000020c   0x0000020c   0x00000024   Code   RO         1263    .text               mc_w.l(init.o)
    0x00000230   0x00000230   0x00000056   Code   RO         1277    .text               mc_w.l(__dczerorl2.o)
    0x00000286   0x00000286   0x00000040   Code   RO          720    .text.MessageQueueGet  RTX_CM3.lib(rtx_msgqueue.o)
    0x000002c6   0x000002c6   0x0000001c   Code   RO          712    .text.MessageQueueRemove  RTX_CM3.lib(rtx_msgqueue.o)
    0x000002e2   0x000002e2   0x00000002   PAD
    0x000002e4   0x000002e4   0x0000000c   Code   RO          909    .text.OS_Tick_AcknowledgeIRQ  RTX_CM3.lib(os_systick.o)
    0x000002f0   0x000002f0   0x00000006   Code   RO          911    .text.OS_Tick_GetIRQn  RTX_CM3.lib(os_systick.o)
    0x000002f6   0x000002f6   0x00000002   Code   RO          443    .text.osRtxKernelPreInit  RTX_CM3.lib(rtx_kernel.o)
    0x000002f8   0x000002f8   0x00000002   Code   RO         1272    i.__scatterload_null  mc_w.l(handlers.o)
    0x000002fa   0x000002fa   0x00000002   PAD
    0x000002fc   0x000002fc   0x00000004   Code   RO          392    .ARM.__at_0x02FC    startup_lpc17xx.o
    0x00000300   0x00000300   0x00000058   Code   RO          714    .text.MessageQueuePut  RTX_CM3.lib(rtx_msgqueue.o)
    0x00000358   0x00000358   0x0000002c   Code   RO          905    .text.OS_Tick_Enable  RTX_CM3.lib(os_systick.o)
    0x00000384   0x00000384   0x00000040   Code   RO          903    .text.OS_Tick_Setup  RTX_CM3.lib(os_systick.o)
    0x000003c4   0x000003c4   0x0000002e   Code   RO          665    .text.SemaphoreTokenIncrement  RTX_CM3.lib(rtx_semaphore.o)
    0x000003f2   0x000003f2   0x0000006e   Code   RO          590    .text.ThreadFlagsCheck  RTX_CM3.lib(rtx_thread.o)
    0x00000460   0x00000460   0x00000048   Code   RO          758    .text.TimerInsert   RTX_CM3.lib(rtx_timer.o)
    0x000004a8   0x000004a8   0x0000002c   Code   RO          445    .text.osKernelInitialize  RTX_CM3.lib(rtx_kernel.o)
    0x000004d4   0x000004d4   0x00000024   Code   RO          455    .text.osKernelStart  RTX_CM3.lib(rtx_kernel.o)
    0x000004f8   0x000004f8   0x00000024   Code   RO          706    .text.osMessageQueueDelete  RTX_CM3.lib(rtx_msgqueue.o)
    0x0000051c   0x0000051c   0x0000006c   Code   RO          686    .text.osMessageQueueGet  RTX_CM3.lib(rtx_msgqueue.o)
    0x00000588   0x00000588   0x00000024   Code   RO          680    .text.osMessageQueueNew  RTX_CM3.lib(rtx_msgqueue.o)
    0x000005ac   0x000005ac   0x00000078   Code   RO          684    .text.osMessageQueuePut  RTX_CM3.lib(rtx_msgqueue.o)
    0x00000624   0x00000624   0x00000070   Code   RO          822    .text.osRtxMemoryAlloc  RTX_CM3.lib(rtx_memory.o)
    0x00000694   0x00000694   0x00000046   Code   RO          824    .text.osRtxMemoryFree  RTX_CM3.lib(rtx_memory.o)
    0x000006da   0x000006da   0x0000003c   Code   RO          820    .text.osRtxMemoryInit  RTX_CM3.lib(rtx_memory.o)
    0x00000716   0x00000716   0x0000003a   Code   RO          837    .text.osRtxMemoryPoolAlloc  RTX_CM3.lib(rtx_mempool.o)
    0x00000750   0x00000750   0x0000004a   Code   RO          839    .text.osRtxMemoryPoolFree  RTX_CM3.lib(rtx_mempool.o)
    0x0000079a   0x0000079a   0x00000036   Code   RO          835    .text.osRtxMemoryPoolInit  RTX_CM3.lib(rtx_mempool.o)
    0x000007d0   0x000007d0   0x000000ba   Code   RO          710    .text.osRtxMessageQueuePostProcess  RTX_CM3.lib(rtx_msgqueue.o)
    0x0000088a   0x0000088a   0x00000048   Code   RO          783    .text.osRtxMutexOwnerRelease  RTX_CM3.lib(rtx_mutex.o)
    0x000008d2   0x000008d2   0x00000042   Code   RO          785    .text.osRtxMutexOwnerRestore  RTX_CM3.lib(rtx_mutex.o)
    0x00000914   0x00000914   0x0000008c   Code   RO          890    .text.osRtxPendSV_Handler  RTX_CM3.lib(rtx_system.o)
    0x000009a0   0x000009a0   0x00000074   Code   RO          892    .text.osRtxPostProcess  RTX_CM3.lib(rtx_system.o)
    0x00000a14   0x00000a14   0x00000036   Code   RO          659    .text.osRtxSemaphorePostProcess  RTX_CM3.lib(rtx_semaphore.o)
    0x00000a4a   0x00000a4a   0x00000002   PAD
    0x00000a4c   0x00000a4c   0x00000038   Code   RO          530    .text.osRtxThreadBlock  RTX_CM3.lib(rtx_thread.o)
    0x00000a84   0x00000a84   0x00000074   Code   RO          538    .text.osRtxThreadDelayInsert  RTX_CM3.lib(rtx_thread.o)
    0x00000af8   0x00000af8   0x0000003c   Code   RO          534    .text.osRtxThreadDelayRemove  RTX_CM3.lib(rtx_thread.o)
    0x00000b34   0x00000b34   0x0000004c   Code   RO          518    .text.osRtxThreadDelayTick  RTX_CM3.lib(rtx_thread.o)
    0x00000b80   0x00000b80   0x00000058   Code   RO          528    .text.osRtxThreadDispatch  RTX_CM3.lib(rtx_thread.o)
    0x00000bd8   0x00000bd8   0x00000058   Code   RO          614    .text.osRtxThreadFree  RTX_CM3.lib(rtx_thread.o)
    0x00000c30   0x00000c30   0x00000012   Code   RO          510    .text.osRtxThreadListGet  RTX_CM3.lib(rtx_thread.o)
    0x00000c42   0x00000c42   0x0000002c   Code   RO          508    .text.osRtxThreadListPut  RTX_CM3.lib(rtx_thread.o)
    0x00000c6e   0x00000c6e   0x00000014   Code   RO          514    .text.osRtxThreadListRemove  RTX_CM3.lib(rtx_thread.o)
    0x00000c82   0x00000c82   0x0000000c   Code   RO          520    .text.osRtxThreadListRoot  RTX_CM3.lib(rtx_thread.o)
    0x00000c8e   0x00000c8e   0x00000026   Code   RO          512    .text.osRtxThreadListSort  RTX_CM3.lib(rtx_thread.o)
    0x00000cb4   0x00000cb4   0x00000028   Code   RO          588    .text.osRtxThreadPostProcess  RTX_CM3.lib(rtx_thread.o)
    0x00000cdc   0x00000cdc   0x00000014   Code   RO          516    .text.osRtxThreadReadyPut  RTX_CM3.lib(rtx_thread.o)
    0x00000cf0   0x00000cf0   0x00000006   Code   RO          522    .text.osRtxThreadRegPtr  RTX_CM3.lib(rtx_thread.o)
    0x00000cf6   0x00000cf6   0x00000002   PAD
    0x00000cf8   0x00000cf8   0x00000028   Code   RO          526    .text.osRtxThreadStackCheck  RTX_CM3.lib(rtx_thread.o)
    0x00000d20   0x00000d20   0x00000040   Code   RO          540    .text.osRtxThreadStartup  RTX_CM3.lib(rtx_thread.o)
    0x00000d60   0x00000d60   0x00000010   Code   RO          524    .text.osRtxThreadSwitch  RTX_CM3.lib(rtx_thread.o)
    0x00000d70   0x00000d70   0x00000038   Code   RO          536    .text.osRtxThreadWaitEnter  RTX_CM3.lib(rtx_thread.o)
    0x00000da8   0x00000da8   0x00000024   Code   RO          532    .text.osRtxThreadWaitExit  RTX_CM3.lib(rtx_thread.o)
    0x00000dcc   0x00000dcc   0x00000070   Code   RO          888    .text.osRtxTick_Handler  RTX_CM3.lib(rtx_system.o)
    0x00000e3c   0x00000e3c   0x0000003c   Code   RO          742    .text.osRtxTimerThread  RTX_CM3.lib(rtx_timer.o)
    0x00000e78   0x00000e78   0x00000054   Code   RO          744    .text.osRtxTimerTick  RTX_CM3.lib(rtx_timer.o)
    0x00000ecc   0x00000ecc   0x00000054   Code   RO          647    .text.osSemaphoreAcquire  RTX_CM3.lib(rtx_semaphore.o)
    0x00000f20   0x00000f20   0x00000024   Code   RO          655    .text.osSemaphoreDelete  RTX_CM3.lib(rtx_semaphore.o)
    0x00000f44   0x00000f44   0x00000024   Code   RO          643    .text.osSemaphoreNew  RTX_CM3.lib(rtx_semaphore.o)
    0x00000f68   0x00000f68   0x0000004c   Code   RO          649    .text.osSemaphoreRelease  RTX_CM3.lib(rtx_semaphore.o)
    0x00000fb4   0x00000fb4   0x0000000c   Code   RO          572    .text.osThreadExit  RTX_CM3.lib(rtx_thread.o)
    0x00000fc0   0x00000fc0   0x00000024   Code   RO          544    .text.osThreadNew   RTX_CM3.lib(rtx_thread.o)
    0x00000fe4   0x00000fe4   0x00000024   Code   RO          574    .text.osThreadTerminate  RTX_CM3.lib(rtx_thread.o)
    0x00001008   0x00001008   0x00000150   Code   RO          483    .text.svcRtxKernelInitialize  RTX_CM3.lib(rtx_kernel.o)
    0x00001158   0x00001158   0x00000088   Code   RO          485    .text.svcRtxKernelStart  RTX_CM3.lib(rtx_kernel.o)
    0x000011e0   0x000011e0   0x00000070   Code   RO          726    .text.svcRtxMessageQueueDelete  RTX_CM3.lib(rtx_msgqueue.o)
    0x00001250   0x00001250   0x000000e0   Code   RO          722    .text.svcRtxMessageQueueGet  RTX_CM3.lib(rtx_msgqueue.o)
    0x00001330   0x00001330   0x00000130   Code   RO          708    .text.svcRtxMessageQueueNew  RTX_CM3.lib(rtx_msgqueue.o)
    0x00001460   0x00001460   0x000000c0   Code   RO          718    .text.svcRtxMessageQueuePut  RTX_CM3.lib(rtx_msgqueue.o)
    0x00001520   0x00001520   0x00000058   Code   RO          663    .text.svcRtxSemaphoreAcquire  RTX_CM3.lib(rtx_semaphore.o)
    0x00001578   0x00001578   0x00000060   Code   RO          669    .text.svcRtxSemaphoreDelete  RTX_CM3.lib(rtx_semaphore.o)
    0x000015d8   0x000015d8   0x00000080   Code   RO          657    .text.svcRtxSemaphoreNew  RTX_CM3.lib(rtx_semaphore.o)
    0x00001658   0x00001658   0x00000036   Code   RO          667    .text.svcRtxSemaphoreRelease  RTX_CM3.lib(rtx_semaphore.o)
    0x0000168e   0x0000168e   0x00000002   PAD
    0x00001690   0x00001690   0x00000068   Code   RO          618    .text.svcRtxThreadExit  RTX_CM3.lib(rtx_thread.o)
    0x000016f8   0x000016f8   0x000001d0   Code   RO          542    .text.svcRtxThreadNew  RTX_CM3.lib(rtx_thread.o)
    0x000018c8   0x000018c8   0x000000bc   Code   RO          620    .text.svcRtxThreadTerminate  RTX_CM3.lib(rtx_thread.o)
    0x00001984   0x00001984   0x00000006   Code   RO           73    i.Free              uart.o
    0x0000198a   0x0000198a   0x00000002   PAD
    0x0000198c   0x0000198c   0x00000024   Code   RO           74    i.FreeRcv           uart.o
    0x000019b0   0x000019b0   0x00000024   Code   RO           75    i.FreeSnd           uart.o
    0x000019d4   0x000019d4   0x00000140   Code   RO          403    i.SystemInit        system_lpc17xx.o
    0x00001b14   0x00001b14   0x00000068   Code   RO           79    i.UART0_IRQHandler  uart.o
    0x00001b7c   0x00001b7c   0x00000070   Code   RO           80    i.UART1_IRQHandler  uart.o
    0x00001bec   0x00001bec   0x000000bc   Code   RO           81    i.UARTInit          uart.o
    0x00001ca8   0x00001ca8   0x00000024   Code   RO           85    i.UARTSendChar      uart.o
    0x00001ccc   0x00001ccc   0x00000020   Code   RO         1030    i.__0printf$3       mc_w.l(printf3.o)
    0x00001cec   0x00001cec   0x00000022   Code   RO           86    i.__NVIC_EnableIRQ  uart.o
    0x00001d0e   0x00001d0e   0x0000000e   Code   RO         1271    i.__scatterload_copy  mc_w.l(handlers.o)
    0x00001d1c   0x00001d1c   0x0000000e   Code   RO         1273    i.__scatterload_zeroinit  mc_w.l(handlers.o)
    0x00001d2a   0x00001d2a   0x00000002   PAD
    0x00001d2c   0x00001d2c   0x000001b8   Code   RO         1037    i._printf_core      mc_w.l(printf3.o)
    0x00001ee4   0x00001ee4   0x0000017c   Code   RO          257    i.broadcast         general.o
    0x00002060   0x00002060   0x000001ac   Code   RO          258    i.cleanup           general.o
    0x0000220c   0x0000220c   0x0000000e   Code   RO            5    i.fputc             retarget.o
    0x0000221a   0x0000221a   0x00000002   PAD
    0x0000221c   0x0000221c   0x00000050   Code   RO         1202    i.free              mc_w.l(malloc.o)
    0x0000226c   0x0000226c   0x0000011c   Code   RO          259    i.general           general.o
    0x00002388   0x00002388   0x00000024   Code   RO          260    i.general_in_path   general.o
    0x000023ac   0x000023ac   0x00000048   Code   RO           87    i.getFrequency      uart.o
    0x000023f4   0x000023f4   0x0000001c   Code   RO          204    i.main              final.o
    0x00002410   0x00002410   0x0000006c   Code   RO         1203    i.malloc            mc_w.l(malloc.o)
    0x0000247c   0x0000247c   0x00000214   Code   RO          261    i.om                general.o
    0x00002690   0x00002690   0x00000020   Code   RO          358    i.osRtxErrorNotify  rtx_config.o
    0x000026b0   0x000026b0   0x00000004   Code   RO          359    i.osRtxIdleThread   rtx_config.o
    0x000026b4   0x000026b4   0x00000044   Code   RO            7    i.sendchar          retarget.o
    0x000026f8   0x000026f8   0x0000026c   Code   RO          262    i.setup             general.o
    0x00002964   0x00002964   0x0000006c   Code   RO          205    i.startGenerals     final.o
    0x000029d0   0x000029d0   0x00000028   Code   RO          206    i.stopGenerals      final.o
    0x000029f8   0x000029f8   0x000000a8   Code   RO          207    i.testCases         final.o
    0x00002aa0   0x00002aa0   0x00000064   Data   RO          318    .constdata          rtx_lib.o
    0x00002b04   0x00002b04   0x000001ad   Data   RO          263    .conststring        general.o
    0x00002cb1   0x00002cb1   0x00000003   PAD
    0x00002cb4   0x00002cb4   0x000000a0   Data   RO          320    .rodata             rtx_lib.o
    0x00002d54   0x00002d54   0x0000000b   Data   RO          497    .rodata.str1.4      RTX_CM3.lib(rtx_kernel.o)
    0x00002d5f   0x00002d5f   0x00000001   PAD
    0x00002d60   0x00002d60   0x00000020   Data   RO         1269    Region$$Table       anon$$obj.o


    Execution Region ER_RW (Exec base: 0x10000000, Load base: 0x00002d80, Size: 0x00004c78, Max: 0xffffffff, ABSOLUTE, COMPRESSED[0x000000cc])

    Exec Addr    Load Addr    Size         Type   Attr      Idx    E Section Name        Object

    0x10000000   COMPRESSED   0x00004840   Data   RW          313    .bss.os             rtx_lib.o
    0x10004840   COMPRESSED   0x00000034   Data   RW          314    .bss.os.msgqueue.cb  rtx_lib.o
    0x10004874   COMPRESSED   0x00000050   Data   RW          315    .bss.os.msgqueue.mem  rtx_lib.o
    0x100048c4   COMPRESSED   0x00000088   Data   RW          316    .bss.os.thread.cb   rtx_lib.o
    0x1000494c   COMPRESSED   0x00000004   PAD
    0x10004950   COMPRESSED   0x00000200   Data   RW          317    .bss.os.thread.stack  rtx_lib.o
    0x10004b50   COMPRESSED   0x0000000c   Data   RW            8    .data               retarget.o
    0x10004b5c   COMPRESSED   0x00000020   Data   RW           89    .data               uart.o
    0x10004b7c   COMPRESSED   0x00000028   Data   RW          209    .data               final.o
    0x10004ba4   COMPRESSED   0x00000024   Data   RW          264    .data               general.o
    0x10004bc8   COMPRESSED   0x00000004   Data   RW          404    .data               system_lpc17xx.o
    0x10004bcc   COMPRESSED   0x00000004   Data   RW         1250    .data               mc_w.l(mvars.o)
    0x10004bd0   COMPRESSED   0x00000004   Data   RW         1251    .data               mc_w.l(mvars.o)
    0x10004bd4   COMPRESSED   0x000000a4   Data   RW          498    .data.os            RTX_CM3.lib(rtx_kernel.o)


    Execution Region ER_ZI (Exec base: 0x10004c78, Load base: 0x00002e4c, Size: 0x000028a0, Max: 0xffffffff, ABSOLUTE)

    Exec Addr    Load Addr    Size         Type   Attr      Idx    E Section Name        Object

    0x10004c78        -       0x00000080   Zero   RW           88    .bss                uart.o
    0x10004cf8        -       0x0000001c   Zero   RW          208    .bss                final.o
    0x10004d14        -       0x00000001   Zero   RW          921    .bss.PendST         RTX_CM3.lib(os_systick.o)
    0x10004d15   0x00002e4c   0x00000003   PAD
    0x10004d18        -       0x00002000   Zero   RW          390    HEAP                startup_lpc17xx.o
    0x10006d18        -       0x00000800   Zero   RW          389    STACK               startup_lpc17xx.o


==============================================================================

Image component sizes


      Code (inc. data)   RO Data    RW Data    ZI Data      Debug   Object Name

       344        110          0         40         28       6856   final.o
      2280        890        429         36          0       6001   general.o
        82          4          0         12          0       7538   retarget.o
        36          6          0          0          0        989   rtx_config.o
         0          0        260      19276          0      12858   rtx_lib.o
        40         12        204          0      10240       1024   startup_lpc17xx.o
       320         18          0          4          0        839   system_lpc17xx.o
       624         86          0         32        128      22935   uart.o

    ----------------------------------------------------------------------
      3730       1126        928      19404      10396      59040   Object Totals
         0          0         32          0          0          0   (incl. Generated)
         4          0          3          4          0          0   (incl. Padding)

    ----------------------------------------------------------------------

      Code (inc. data)   RO Data    RW Data    ZI Data      Debug   Library Member Name

       148         10          0          0          0        488   irq_cm3.o
       126         32          0          0          1       3105   os_systick.o
       554         36         11        164          0      17231   rtx_kernel.o
       242          0          0          0          0       2478   rtx_memory.o
       186          0          0          0          0      16576   rtx_mempool.o
      1498         36          0          0          0      18694   rtx_msgqueue.o
       138          0          0          0          0      10004   rtx_mutex.o
       698         32          0          0          0      10885   rtx_semaphore.o
       368         26          0          0          0       5437   rtx_system.o
      1844        100          0          0          0      32739   rtx_thread.o
       216         20          0          0          0      10445   rtx_timer.o
        86          0          0          0          0          0   __dczerorl2.o
         0          0          0          0          0          0   entry.o
         0          0          0          0          0          0   entry10a.o
         0          0          0          0          0          0   entry11a.o
         8          4          0          0          0          0   entry2.o
         4          0          0          0          0          0   entry5.o
         0          0          0          0          0          0   entry7b.o
         0          0          0          0          0          0   entry8b.o
         8          4          0          0          0          0   entry9a.o
        30          0          0          0          0          0   handlers.o
        36          8          0          0          0         68   init.o
       188         20          0          0          0        160   malloc.o
        36          0          0          0          0         68   memcpya.o
        36          0          0          0          0        108   memseta.o
         0          0          0          8          0          0   mvars.o
       472         14          0          0          0        184   printf3.o
        44          0          0          0          0         80   uidiv.o

    ----------------------------------------------------------------------
      6978        342         12        172          4     128750   Library Totals
        12          0          1          0          3          0   (incl. Padding)

    ----------------------------------------------------------------------

      Code (inc. data)   RO Data    RW Data    ZI Data      Debug   Library Name

      6018        292         11        164          1     128082   RTX_CM3.lib
       948         50          0          8          0        668   mc_w.l

    ----------------------------------------------------------------------
      6978        342         12        172          4     128750   Library Totals

    ----------------------------------------------------------------------

==============================================================================


      Code (inc. data)   RO Data    RW Data    ZI Data      Debug   

     10708       1468        940      19576      10400     186422   Grand Totals
     10708       1468        940        204      10400     186422   ELF Image Totals (compressed)
     10708       1468        940        204          0          0   ROM Totals

==============================================================================

    Total RO  Size (Code + RO Data)                11648 (  11.38kB)
    Total RW  Size (RW Data + ZI Data)             29976 (  29.27kB)
    Total ROM Size (Code + RO Data + RW Data)      11852 (  11.57kB)

==============================================================================

